host=a11-04.hpc.usc.edu start=Thu Jul 23 16:38:35 PDT 2026
ets1_af3: -> /project2/rohs_102/shewchuk/TF-conformation/analysis/figures/pymol/ets1_af3.png
ets1_bioemu: -> /project2/rohs_102/shewchuk/TF-conformation/analysis/figures/pymol/ets1_bioemu.png
ets1: AF3 states=10 BioEmu states=10 DNA=True
tbp_af3: -> /project2/rohs_102/shewchuk/TF-conformation/analysis/figures/pymol/tbp_af3.png
tbp_bioemu: -> /project2/rohs_102/shewchuk/TF-conformation/analysis/figures/pymol/tbp_bioemu.png
tbp: AF3 states=10 BioEmu states=10 DNA=True
egr1_af3: -> /project2/rohs_102/shewchuk/TF-conformation/analysis/figures/pymol/egr1_af3.png
egr1_bioemu: -> /project2/rohs_102/shewchuk/TF-conformation/analysis/figures/pymol/egr1_bioemu.png
egr1: AF3 states=10 BioEmu states=10 DNA=True
engrailed_af3: -> /project2/rohs_102/shewchuk/TF-conformation/analysis/figures/pymol/engrailed_af3.png
engrailed_bioemu: -> /project2/rohs_102/shewchuk/TF-conformation/analysis/figures/pymol/engrailed_bioemu.png
engrailed: AF3 states=10 BioEmu states=10 DNA=True
foxa_af3: -> /project2/rohs_102/shewchuk/TF-conformation/analysis/figures/pymol/foxa_af3.png
foxa_bioemu: -> /project2/rohs_102/shewchuk/TF-conformation/analysis/figures/pymol/foxa_bioemu.png
foxa: AF3 states=10 BioEmu states=10 DNA=True
lef1_af3: -> /project2/rohs_102/shewchuk/TF-conformation/analysis/figures/pymol/lef1_af3.png
lef1_bioemu: -> /project2/rohs_102/shewchuk/TF-conformation/analysis/figures/pymol/lef1_bioemu.png
lef1: AF3 states=10 BioEmu states=10 DNA=True
csl_af3: -> /project2/rohs_102/shewchuk/TF-conformation/analysis/figures/pymol/csl_af3.png
csl_bioemu: -> /project2/rohs_102/shewchuk/TF-conformation/analysis/figures/pymol/csl_bioemu.png
csl: AF3 states=10 BioEmu states=10 DNA=True
err_af3: -> /project2/rohs_102/shewchuk/TF-conformation/analysis/figures/pymol/err_af3.png
err_bioemu: -> /project2/rohs_102/shewchuk/TF-conformation/analysis/figures/pymol/err_bioemu.png
err: AF3 states=10 BioEmu states=10 DNA=True
nfat_af3: -> /project2/rohs_102/shewchuk/TF-conformation/analysis/figures/pymol/nfat_af3.png
nfat_bioemu: -> /project2/rohs_102/shewchuk/TF-conformation/analysis/figures/pymol/nfat_bioemu.png
nfat: AF3 states=10 BioEmu states=10 DNA=True
runx_af3: -> /project2/rohs_102/shewchuk/TF-conformation/analysis/figures/pymol/runx_af3.png
runx_bioemu: -> /project2/rohs_102/shewchuk/TF-conformation/analysis/figures/pymol/runx_bioemu.png
runx: AF3 states=10 BioEmu states=10 DNA=True
dux4_af3: -> /project2/rohs_102/shewchuk/TF-conformation/analysis/figures/pymol/dux4_af3.png
dux4_bioemu: -> /project2/rohs_102/shewchuk/TF-conformation/analysis/figures/pymol/dux4_bioemu.png
dux4: AF3 states=10 BioEmu states=10 DNA=True
hsf_af3: -> /project2/rohs_102/shewchuk/TF-conformation/analysis/figures/pymol/hsf_af3.png
hsf_bioemu: -> /project2/rohs_102/shewchuk/TF-conformation/analysis/figures/pymol/hsf_bioemu.png
hsf: AF3 states=10 BioEmu states=10 DNA=True
done=Thu Jul 23 16:52:11 PDT 2026
-rw-rw-r-- 1 shewchuk rohs_102  700380 Jul 23 16:45 analysis/figures/pymol/csl_af3.png
-rw-rw-r-- 1 shewchuk rohs_102  981706 Jul 23 16:47 analysis/figures/pymol/csl_bioemu.png
-rw-rw-r-- 1 shewchuk rohs_102  797357 Jul 23 16:50 analysis/figures/pymol/dux4_af3.png
-rw-rw-r-- 1 shewchuk rohs_102  813904 Jul 23 16:51 analysis/figures/pymol/dux4_bioemu.png
-rw-rw-r-- 1 shewchuk rohs_102  367319 Jul 23 16:41 analysis/figures/pymol/egr1_af3.png
-rw-rw-r-- 1 shewchuk rohs_102  621849 Jul 23 16:41 analysis/figures/pymol/egr1_bioemu.png
-rw-rw-r-- 1 shewchuk rohs_102  357287 Jul 23 16:41 analysis/figures/pymol/engrailed_af3.png
-rw-rw-r-- 1 shewchuk rohs_102  409720 Jul 23 16:42 analysis/figures/pymol/engrailed_bioemu.png
-rw-rw-r-- 1 shewchuk rohs_102 1119380 Jul 10 12:12 analysis/figures/pymol/ensembles_montage.png
-rw-rw-r-- 1 shewchuk rohs_102  503033 Jul 23 16:47 analysis/figures/pymol/err_af3.png
-rw-rw-r-- 1 shewchuk rohs_102  664357 Jul 23 16:47 analysis/figures/pymol/err_bioemu.png
-rw-rw-r-- 1 shewchuk rohs_102  509351 Jul 23 16:39 analysis/figures/pymol/ets1_af3.png
-rw-rw-r-- 1 shewchuk rohs_102  681603 Jul 23 16:39 analysis/figures/pymol/ets1_bioemu.png
-rw-rw-r-- 1 shewchuk rohs_102  524242 Jul 23 16:42 analysis/figures/pymol/foxa_af3.png
-rw-rw-r-- 1 shewchuk rohs_102  771689 Jul 23 16:43 analysis/figures/pymol/foxa_bioemu.png
-rw-rw-r-- 1 shewchuk rohs_102  429879 Jul 23 16:51 analysis/figures/pymol/hsf_af3.png
-rw-rw-r-- 1 shewchuk rohs_102  595413 Jul 23 16:52 analysis/figures/pymol/hsf_bioemu.png
-rw-rw-r-- 1 shewchuk rohs_102  536320 Jul 23 16:43 analysis/figures/pymol/lef1_af3.png
-rw-rw-r-- 1 shewchuk rohs_102  629863 Jul 23 16:44 analysis/figures/pymol/lef1_bioemu.png
-rw-rw-r-- 1 shewchuk rohs_102  577217 Jul 23 16:48 analysis/figures/pymol/nfat_af3.png
-rw-rw-r-- 1 shewchuk rohs_102  856035 Jul 23 16:49 analysis/figures/pymol/nfat_bioemu.png
-rw-rw-r-- 1 shewchuk rohs_102  366975 Jul 23 16:49 analysis/figures/pymol/runx_af3.png
-rw-rw-r-- 1 shewchuk rohs_102  474688 Jul 23 16:49 analysis/figures/pymol/runx_bioemu.png
-rw-rw-r-- 1 shewchuk rohs_102  518363 Jul 23 16:40 analysis/figures/pymol/tbp_af3.png
-rw-rw-r-- 1 shewchuk rohs_102  728238 Jul 23 16:40 analysis/figures/pymol/tbp_bioemu.png
