host=a11-04.hpc.usc.edu start=Fri Jul 10 12:03:08 PDT 2026
ets1_af3: -> /project2/rohs_102/shewchuk/TF-conformation/analysis/figures/pymol/ets1_af3.png
ets1_bioemu: -> /project2/rohs_102/shewchuk/TF-conformation/analysis/figures/pymol/ets1_bioemu.png
ets1: AF3 states=10 BioEmu states=10 DNA=True
tbp_af3: -> /project2/rohs_102/shewchuk/TF-conformation/analysis/figures/pymol/tbp_af3.png
tbp_bioemu: -> /project2/rohs_102/shewchuk/TF-conformation/analysis/figures/pymol/tbp_bioemu.png
tbp: AF3 states=10 BioEmu states=10 DNA=True
egr1_af3: -> /project2/rohs_102/shewchuk/TF-conformation/analysis/figures/pymol/egr1_af3.png
egr1_bioemu: -> /project2/rohs_102/shewchuk/TF-conformation/analysis/figures/pymol/egr1_bioemu.png
egr1: AF3 states=10 BioEmu states=10 DNA=True
engrailed_af3: -> /project2/rohs_102/shewchuk/TF-conformation/analysis/figures/pymol/engrailed_af3.png
engrailed_bioemu: -> /project2/rohs_102/shewchuk/TF-conformation/analysis/figures/pymol/engrailed_bioemu.png
engrailed: AF3 states=10 BioEmu states=10 DNA=True
foxa_af3: -> /project2/rohs_102/shewchuk/TF-conformation/analysis/figures/pymol/foxa_af3.png
foxa_bioemu: -> /project2/rohs_102/shewchuk/TF-conformation/analysis/figures/pymol/foxa_bioemu.png
foxa: AF3 states=10 BioEmu states=10 DNA=True
lef1_af3: -> /project2/rohs_102/shewchuk/TF-conformation/analysis/figures/pymol/lef1_af3.png
lef1_bioemu: -> /project2/rohs_102/shewchuk/TF-conformation/analysis/figures/pymol/lef1_bioemu.png
lef1: AF3 states=10 BioEmu states=10 DNA=True
done=Fri Jul 10 12:08:23 PDT 2026
-rw-rw-r-- 1 shewchuk rohs_102 415302 Jul 10 12:05 analysis/figures/pymol/egr1_af3.png
-rw-rw-r-- 1 shewchuk rohs_102 676119 Jul 10 12:06 analysis/figures/pymol/egr1_bioemu.png
-rw-rw-r-- 1 shewchuk rohs_102 359194 Jul 10 12:06 analysis/figures/pymol/engrailed_af3.png
-rw-rw-r-- 1 shewchuk rohs_102 415560 Jul 10 12:06 analysis/figures/pymol/engrailed_bioemu.png
-rw-rw-r-- 1 shewchuk rohs_102 499515 Jul 10 12:03 analysis/figures/pymol/ets1_af3.png
-rw-rw-r-- 1 shewchuk rohs_102 669751 Jul 10 12:04 analysis/figures/pymol/ets1_bioemu.png
-rw-rw-r-- 1 shewchuk rohs_102 739855 Jul 10 11:44 analysis/figures/pymol/ets1_stack.png
-rw-rw-r-- 1 shewchuk rohs_102 529478 Jul 10 12:07 analysis/figures/pymol/foxa_af3.png
-rw-rw-r-- 1 shewchuk rohs_102 783091 Jul 10 12:07 analysis/figures/pymol/foxa_bioemu.png
-rw-rw-r-- 1 shewchuk rohs_102 565582 Jul 10 12:07 analysis/figures/pymol/lef1_af3.png
-rw-rw-r-- 1 shewchuk rohs_102 669050 Jul 10 12:08 analysis/figures/pymol/lef1_bioemu.png
-rw-rw-r-- 1 shewchuk rohs_102 536771 Jul 10 12:04 analysis/figures/pymol/tbp_af3.png
-rw-rw-r-- 1 shewchuk rohs_102 754347 Jul 10 12:05 analysis/figures/pymol/tbp_bioemu.png
