host=a11-04.hpc.usc.edu start=Thu Jul 23 17:07:01 PDT 2026
ets1_af3: -> /project2/rohs_102/shewchuk/TF-conformation/analysis/figures/pymol/ets1_af3.png
ets1_bioemu: -> /project2/rohs_102/shewchuk/TF-conformation/analysis/figures/pymol/ets1_bioemu.png
ets1: AF3 states=10 BioEmu states=10 DNA=True
tbp_af3: -> /project2/rohs_102/shewchuk/TF-conformation/analysis/figures/pymol/tbp_af3.png
tbp_bioemu: -> /project2/rohs_102/shewchuk/TF-conformation/analysis/figures/pymol/tbp_bioemu.png
tbp: AF3 states=10 BioEmu states=10 DNA=True
egr1_af3: -> /project2/rohs_102/shewchuk/TF-conformation/analysis/figures/pymol/egr1_af3.png
egr1_bioemu: -> /project2/rohs_102/shewchuk/TF-conformation/analysis/figures/pymol/egr1_bioemu.png
egr1: AF3 states=10 BioEmu states=10 DNA=True
engrailed_af3: -> /project2/rohs_102/shewchuk/TF-conformation/analysis/figures/pymol/engrailed_af3.png
engrailed_bioemu: -> /project2/rohs_102/shewchuk/TF-conformation/analysis/figures/pymol/engrailed_bioemu.png
engrailed: AF3 states=10 BioEmu states=10 DNA=True
foxa_af3: -> /project2/rohs_102/shewchuk/TF-conformation/analysis/figures/pymol/foxa_af3.png
foxa_bioemu: -> /project2/rohs_102/shewchuk/TF-conformation/analysis/figures/pymol/foxa_bioemu.png
foxa: AF3 states=10 BioEmu states=10 DNA=True
lef1_af3: -> /project2/rohs_102/shewchuk/TF-conformation/analysis/figures/pymol/lef1_af3.png
lef1_bioemu: -> /project2/rohs_102/shewchuk/TF-conformation/analysis/figures/pymol/lef1_bioemu.png
lef1: AF3 states=10 BioEmu states=10 DNA=True
csl_af3: -> /project2/rohs_102/shewchuk/TF-conformation/analysis/figures/pymol/csl_af3.png
csl_bioemu: -> /project2/rohs_102/shewchuk/TF-conformation/analysis/figures/pymol/csl_bioemu.png
csl: AF3 states=10 BioEmu states=10 DNA=True
err_af3: -> /project2/rohs_102/shewchuk/TF-conformation/analysis/figures/pymol/err_af3.png
err_bioemu: -> /project2/rohs_102/shewchuk/TF-conformation/analysis/figures/pymol/err_bioemu.png
err: AF3 states=10 BioEmu states=10 DNA=True
nfat_af3: -> /project2/rohs_102/shewchuk/TF-conformation/analysis/figures/pymol/nfat_af3.png
nfat_bioemu: -> /project2/rohs_102/shewchuk/TF-conformation/analysis/figures/pymol/nfat_bioemu.png
nfat: AF3 states=10 BioEmu states=10 DNA=True
runx_af3: -> /project2/rohs_102/shewchuk/TF-conformation/analysis/figures/pymol/runx_af3.png
runx_bioemu: -> /project2/rohs_102/shewchuk/TF-conformation/analysis/figures/pymol/runx_bioemu.png
runx: AF3 states=10 BioEmu states=10 DNA=True
dux4_af3: -> /project2/rohs_102/shewchuk/TF-conformation/analysis/figures/pymol/dux4_af3.png
dux4_bioemu: -> /project2/rohs_102/shewchuk/TF-conformation/analysis/figures/pymol/dux4_bioemu.png
dux4: AF3 states=10 BioEmu states=10 DNA=True
hsf_af3: -> /project2/rohs_102/shewchuk/TF-conformation/analysis/figures/pymol/hsf_af3.png
hsf_bioemu: -> /project2/rohs_102/shewchuk/TF-conformation/analysis/figures/pymol/hsf_bioemu.png
hsf: AF3 states=10 BioEmu states=10 DNA=True
done=Thu Jul 23 17:21:27 PDT 2026
-rw-rw-r-- 1 shewchuk rohs_102  573285 Jul 23 17:14 analysis/figures/pymol/csl_af3.png
-rw-rw-r-- 1 shewchuk rohs_102  727633 Jul 23 17:16 analysis/figures/pymol/csl_bioemu.png
-rw-rw-r-- 1 shewchuk rohs_102  876643 Jul 23 17:19 analysis/figures/pymol/dux4_af3.png
-rw-rw-r-- 1 shewchuk rohs_102  865605 Jul 23 17:20 analysis/figures/pymol/dux4_bioemu.png
-rw-rw-r-- 1 shewchuk rohs_102  402980 Jul 23 17:09 analysis/figures/pymol/egr1_af3.png
-rw-rw-r-- 1 shewchuk rohs_102  594536 Jul 23 17:10 analysis/figures/pymol/egr1_bioemu.png
-rw-rw-r-- 1 shewchuk rohs_102  259025 Jul 23 17:10 analysis/figures/pymol/engrailed_af3.png
-rw-rw-r-- 1 shewchuk rohs_102  316045 Jul 23 17:10 analysis/figures/pymol/engrailed_bioemu.png
-rw-rw-r-- 1 shewchuk rohs_102 1119380 Jul 10 12:12 analysis/figures/pymol/ensembles_montage.png
-rw-rw-r-- 1 shewchuk rohs_102  492233 Jul 23 17:16 analysis/figures/pymol/err_af3.png
-rw-rw-r-- 1 shewchuk rohs_102  698680 Jul 23 17:16 analysis/figures/pymol/err_bioemu.png
-rw-rw-r-- 1 shewchuk rohs_102  452624 Jul 23 17:07 analysis/figures/pymol/ets1_af3.png
-rw-rw-r-- 1 shewchuk rohs_102  540850 Jul 23 17:08 analysis/figures/pymol/ets1_bioemu.png
-rw-rw-r-- 1 shewchuk rohs_102  505461 Jul 23 17:11 analysis/figures/pymol/foxa_af3.png
-rw-rw-r-- 1 shewchuk rohs_102  763788 Jul 23 17:11 analysis/figures/pymol/foxa_bioemu.png
-rw-rw-r-- 1 shewchuk rohs_102  432214 Jul 23 17:21 analysis/figures/pymol/hsf_af3.png
-rw-rw-r-- 1 shewchuk rohs_102  601143 Jul 23 17:21 analysis/figures/pymol/hsf_bioemu.png
-rw-rw-r-- 1 shewchuk rohs_102  547623 Jul 23 17:12 analysis/figures/pymol/lef1_af3.png
-rw-rw-r-- 1 shewchuk rohs_102  622896 Jul 23 17:12 analysis/figures/pymol/lef1_bioemu.png
-rw-rw-r-- 1 shewchuk rohs_102  414602 Jul 23 17:17 analysis/figures/pymol/nfat_af3.png
-rw-rw-r-- 1 shewchuk rohs_102  597295 Jul 23 17:18 analysis/figures/pymol/nfat_bioemu.png
-rw-rw-r-- 1 shewchuk rohs_102  400541 Jul 23 17:18 analysis/figures/pymol/runx_af3.png
-rw-rw-r-- 1 shewchuk rohs_102  518685 Jul 23 17:19 analysis/figures/pymol/runx_bioemu.png
-rw-rw-r-- 1 shewchuk rohs_102  513527 Jul 23 17:08 analysis/figures/pymol/tbp_af3.png
-rw-rw-r-- 1 shewchuk rohs_102  702662 Jul 23 17:09 analysis/figures/pymol/tbp_bioemu.png
