[render_prepost_min] pilots=['ets1', 'tbp'] skip_existing=True
[pilot] ets1 sample states: [42, 20]
[render] /project2/rohs_102/shewchuk/TF-conformation/analysis/figures/pymol/prepost_min/ets1_crystal.png
[render] /project2/rohs_102/shewchuk/TF-conformation/analysis/figures/pymol/prepost_min/ets1_state042_before.png
[render] /project2/rohs_102/shewchuk/TF-conformation/analysis/figures/pymol/prepost_min/ets1_state042_after.png
[render] /project2/rohs_102/shewchuk/TF-conformation/analysis/figures/pymol/prepost_min/ets1_state042_overlay.png
[render] /project2/rohs_102/shewchuk/TF-conformation/analysis/figures/pymol/prepost_min/ets1_state042_overlay_crystal.png
[render] /project2/rohs_102/shewchuk/TF-conformation/analysis/figures/pymol/prepost_min/ets1_state020_before.png
[render] /project2/rohs_102/shewchuk/TF-conformation/analysis/figures/pymol/prepost_min/ets1_state020_after.png
[render] /project2/rohs_102/shewchuk/TF-conformation/analysis/figures/pymol/prepost_min/ets1_state020_overlay.png
[render] /project2/rohs_102/shewchuk/TF-conformation/analysis/figures/pymol/prepost_min/ets1_state020_overlay_crystal.png
[pilot] tbp sample states: [17, 12]
[render] /project2/rohs_102/shewchuk/TF-conformation/analysis/figures/pymol/prepost_min/tbp_crystal.png
[render] /project2/rohs_102/shewchuk/TF-conformation/analysis/figures/pymol/prepost_min/tbp_state017_before.png
[render] /project2/rohs_102/shewchuk/TF-conformation/analysis/figures/pymol/prepost_min/tbp_state017_after.png
[render] /project2/rohs_102/shewchuk/TF-conformation/analysis/figures/pymol/prepost_min/tbp_state017_overlay.png
[render] /project2/rohs_102/shewchuk/TF-conformation/analysis/figures/pymol/prepost_min/tbp_state017_overlay_crystal.png
[render] /project2/rohs_102/shewchuk/TF-conformation/analysis/figures/pymol/prepost_min/tbp_state012_before.png
[render] /project2/rohs_102/shewchuk/TF-conformation/analysis/figures/pymol/prepost_min/tbp_state012_after.png
[render] /project2/rohs_102/shewchuk/TF-conformation/analysis/figures/pymol/prepost_min/tbp_state012_overlay.png
[render] /project2/rohs_102/shewchuk/TF-conformation/analysis/figures/pymol/prepost_min/tbp_state012_overlay_crystal.png
RENDER DONE
