[render_prepost_min] pilots=['csl', 'dux4', 'egr1', 'engrailed', 'err', 'ets1', 'foxa', 'hsf', 'irf', 'lef1', 'nfat', 'runx', 'tbp'] skip_existing=False
[pilot] csl sample states: [37, 4]
[render] /project2/rohs_102/shewchuk/TF-conformation/analysis/figures/pymol/prepost_min/csl_crystal.png
[render] /project2/rohs_102/shewchuk/TF-conformation/analysis/figures/pymol/prepost_min/csl_state037_before.png
[render] /project2/rohs_102/shewchuk/TF-conformation/analysis/figures/pymol/prepost_min/csl_state037_after.png
[render] /project2/rohs_102/shewchuk/TF-conformation/analysis/figures/pymol/prepost_min/csl_state037_overlay.png
[render] /project2/rohs_102/shewchuk/TF-conformation/analysis/figures/pymol/prepost_min/csl_state037_overlay_crystal.png
[render] /project2/rohs_102/shewchuk/TF-conformation/analysis/figures/pymol/prepost_min/csl_state004_before.png
[render] /project2/rohs_102/shewchuk/TF-conformation/analysis/figures/pymol/prepost_min/csl_state004_after.png
[render] /project2/rohs_102/shewchuk/TF-conformation/analysis/figures/pymol/prepost_min/csl_state004_overlay.png
[render] /project2/rohs_102/shewchuk/TF-conformation/analysis/figures/pymol/prepost_min/csl_state004_overlay_crystal.png
[pilot] dux4 sample states: [83, 24]
[render] /project2/rohs_102/shewchuk/TF-conformation/analysis/figures/pymol/prepost_min/dux4_crystal.png
[render] /project2/rohs_102/shewchuk/TF-conformation/analysis/figures/pymol/prepost_min/dux4_state083_before.png
[render] /project2/rohs_102/shewchuk/TF-conformation/analysis/figures/pymol/prepost_min/dux4_state083_after.png
[render] /project2/rohs_102/shewchuk/TF-conformation/analysis/figures/pymol/prepost_min/dux4_state083_overlay.png
[render] /project2/rohs_102/shewchuk/TF-conformation/analysis/figures/pymol/prepost_min/dux4_state083_overlay_crystal.png
[render] /project2/rohs_102/shewchuk/TF-conformation/analysis/figures/pymol/prepost_min/dux4_state024_before.png
[render] /project2/rohs_102/shewchuk/TF-conformation/analysis/figures/pymol/prepost_min/dux4_state024_after.png
[render] /project2/rohs_102/shewchuk/TF-conformation/analysis/figures/pymol/prepost_min/dux4_state024_overlay.png
[render] /project2/rohs_102/shewchuk/TF-conformation/analysis/figures/pymol/prepost_min/dux4_state024_overlay_crystal.png
[pilot] egr1 sample states: [54, 94]
[render] /project2/rohs_102/shewchuk/TF-conformation/analysis/figures/pymol/prepost_min/egr1_crystal.png
[render] /project2/rohs_102/shewchuk/TF-conformation/analysis/figures/pymol/prepost_min/egr1_state054_before.png
[render] /project2/rohs_102/shewchuk/TF-conformation/analysis/figures/pymol/prepost_min/egr1_state054_after.png
[render] /project2/rohs_102/shewchuk/TF-conformation/analysis/figures/pymol/prepost_min/egr1_state054_overlay.png
[render] /project2/rohs_102/shewchuk/TF-conformation/analysis/figures/pymol/prepost_min/egr1_state054_overlay_crystal.png
[render] /project2/rohs_102/shewchuk/TF-conformation/analysis/figures/pymol/prepost_min/egr1_state094_before.png
[render] /project2/rohs_102/shewchuk/TF-conformation/analysis/figures/pymol/prepost_min/egr1_state094_after.png
[render] /project2/rohs_102/shewchuk/TF-conformation/analysis/figures/pymol/prepost_min/egr1_state094_overlay.png
[render] /project2/rohs_102/shewchuk/TF-conformation/analysis/figures/pymol/prepost_min/egr1_state094_overlay_crystal.png
[pilot] engrailed sample states: [77, 24]
[render] /project2/rohs_102/shewchuk/TF-conformation/analysis/figures/pymol/prepost_min/engrailed_crystal.png
[render] /project2/rohs_102/shewchuk/TF-conformation/analysis/figures/pymol/prepost_min/engrailed_state077_before.png
[render] /project2/rohs_102/shewchuk/TF-conformation/analysis/figures/pymol/prepost_min/engrailed_state077_after.png
[render] /project2/rohs_102/shewchuk/TF-conformation/analysis/figures/pymol/prepost_min/engrailed_state077_overlay.png
[render] /project2/rohs_102/shewchuk/TF-conformation/analysis/figures/pymol/prepost_min/engrailed_state077_overlay_crystal.png
[render] /project2/rohs_102/shewchuk/TF-conformation/analysis/figures/pymol/prepost_min/engrailed_state024_before.png
[render] /project2/rohs_102/shewchuk/TF-conformation/analysis/figures/pymol/prepost_min/engrailed_state024_after.png
[render] /project2/rohs_102/shewchuk/TF-conformation/analysis/figures/pymol/prepost_min/engrailed_state024_overlay.png
[render] /project2/rohs_102/shewchuk/TF-conformation/analysis/figures/pymol/prepost_min/engrailed_state024_overlay_crystal.png
[pilot] err sample states: [14, 63]
[render] /project2/rohs_102/shewchuk/TF-conformation/analysis/figures/pymol/prepost_min/err_crystal.png
[render] /project2/rohs_102/shewchuk/TF-conformation/analysis/figures/pymol/prepost_min/err_state014_before.png
[render] /project2/rohs_102/shewchuk/TF-conformation/analysis/figures/pymol/prepost_min/err_state014_after.png
[render] /project2/rohs_102/shewchuk/TF-conformation/analysis/figures/pymol/prepost_min/err_state014_overlay.png
[render] /project2/rohs_102/shewchuk/TF-conformation/analysis/figures/pymol/prepost_min/err_state014_overlay_crystal.png
[render] /project2/rohs_102/shewchuk/TF-conformation/analysis/figures/pymol/prepost_min/err_state063_before.png
[render] /project2/rohs_102/shewchuk/TF-conformation/analysis/figures/pymol/prepost_min/err_state063_after.png
[render] /project2/rohs_102/shewchuk/TF-conformation/analysis/figures/pymol/prepost_min/err_state063_overlay.png
[render] /project2/rohs_102/shewchuk/TF-conformation/analysis/figures/pymol/prepost_min/err_state063_overlay_crystal.png
[pilot] ets1 sample states: [42, 20]
[render] /project2/rohs_102/shewchuk/TF-conformation/analysis/figures/pymol/prepost_min/ets1_crystal.png
[render] /project2/rohs_102/shewchuk/TF-conformation/analysis/figures/pymol/prepost_min/ets1_state042_before.png
[render] /project2/rohs_102/shewchuk/TF-conformation/analysis/figures/pymol/prepost_min/ets1_state042_after.png
[render] /project2/rohs_102/shewchuk/TF-conformation/analysis/figures/pymol/prepost_min/ets1_state042_overlay.png
[render] /project2/rohs_102/shewchuk/TF-conformation/analysis/figures/pymol/prepost_min/ets1_state042_overlay_crystal.png
[render] /project2/rohs_102/shewchuk/TF-conformation/analysis/figures/pymol/prepost_min/ets1_state020_before.png
[render] /project2/rohs_102/shewchuk/TF-conformation/analysis/figures/pymol/prepost_min/ets1_state020_after.png
[render] /project2/rohs_102/shewchuk/TF-conformation/analysis/figures/pymol/prepost_min/ets1_state020_overlay.png
[render] /project2/rohs_102/shewchuk/TF-conformation/analysis/figures/pymol/prepost_min/ets1_state020_overlay_crystal.png
[pilot] foxa sample states: [4, 92]
[render] /project2/rohs_102/shewchuk/TF-conformation/analysis/figures/pymol/prepost_min/foxa_crystal.png
[render] /project2/rohs_102/shewchuk/TF-conformation/analysis/figures/pymol/prepost_min/foxa_state004_before.png
[render] /project2/rohs_102/shewchuk/TF-conformation/analysis/figures/pymol/prepost_min/foxa_state004_after.png
[render] /project2/rohs_102/shewchuk/TF-conformation/analysis/figures/pymol/prepost_min/foxa_state004_overlay.png
[render] /project2/rohs_102/shewchuk/TF-conformation/analysis/figures/pymol/prepost_min/foxa_state004_overlay_crystal.png
[render] /project2/rohs_102/shewchuk/TF-conformation/analysis/figures/pymol/prepost_min/foxa_state092_before.png
[render] /project2/rohs_102/shewchuk/TF-conformation/analysis/figures/pymol/prepost_min/foxa_state092_after.png
[render] /project2/rohs_102/shewchuk/TF-conformation/analysis/figures/pymol/prepost_min/foxa_state092_overlay.png
[render] /project2/rohs_102/shewchuk/TF-conformation/analysis/figures/pymol/prepost_min/foxa_state092_overlay_crystal.png
[pilot] hsf sample states: [2, 70]
[render] /project2/rohs_102/shewchuk/TF-conformation/analysis/figures/pymol/prepost_min/hsf_crystal.png
[render] /project2/rohs_102/shewchuk/TF-conformation/analysis/figures/pymol/prepost_min/hsf_state002_before.png
[render] /project2/rohs_102/shewchuk/TF-conformation/analysis/figures/pymol/prepost_min/hsf_state002_after.png
[render] /project2/rohs_102/shewchuk/TF-conformation/analysis/figures/pymol/prepost_min/hsf_state002_overlay.png
[render] /project2/rohs_102/shewchuk/TF-conformation/analysis/figures/pymol/prepost_min/hsf_state002_overlay_crystal.png
[render] /project2/rohs_102/shewchuk/TF-conformation/analysis/figures/pymol/prepost_min/hsf_state070_before.png
[render] /project2/rohs_102/shewchuk/TF-conformation/analysis/figures/pymol/prepost_min/hsf_state070_after.png
[render] /project2/rohs_102/shewchuk/TF-conformation/analysis/figures/pymol/prepost_min/hsf_state070_overlay.png
[render] /project2/rohs_102/shewchuk/TF-conformation/analysis/figures/pymol/prepost_min/hsf_state070_overlay_crystal.png
[pilot] irf sample states: [6, 5]
[render] /project2/rohs_102/shewchuk/TF-conformation/analysis/figures/pymol/prepost_min/irf_crystal.png
[render] /project2/rohs_102/shewchuk/TF-conformation/analysis/figures/pymol/prepost_min/irf_state006_before.png
[render] /project2/rohs_102/shewchuk/TF-conformation/analysis/figures/pymol/prepost_min/irf_state006_after.png
[render] /project2/rohs_102/shewchuk/TF-conformation/analysis/figures/pymol/prepost_min/irf_state006_overlay.png
[render] /project2/rohs_102/shewchuk/TF-conformation/analysis/figures/pymol/prepost_min/irf_state006_overlay_crystal.png
[render] /project2/rohs_102/shewchuk/TF-conformation/analysis/figures/pymol/prepost_min/irf_state005_before.png
[render] /project2/rohs_102/shewchuk/TF-conformation/analysis/figures/pymol/prepost_min/irf_state005_after.png
[render] /project2/rohs_102/shewchuk/TF-conformation/analysis/figures/pymol/prepost_min/irf_state005_overlay.png
[render] /project2/rohs_102/shewchuk/TF-conformation/analysis/figures/pymol/prepost_min/irf_state005_overlay_crystal.png
[pilot] lef1 sample states: [63, 10]
[render] /project2/rohs_102/shewchuk/TF-conformation/analysis/figures/pymol/prepost_min/lef1_crystal.png
[render] /project2/rohs_102/shewchuk/TF-conformation/analysis/figures/pymol/prepost_min/lef1_state063_before.png
[render] /project2/rohs_102/shewchuk/TF-conformation/analysis/figures/pymol/prepost_min/lef1_state063_after.png
[render] /project2/rohs_102/shewchuk/TF-conformation/analysis/figures/pymol/prepost_min/lef1_state063_overlay.png
[render] /project2/rohs_102/shewchuk/TF-conformation/analysis/figures/pymol/prepost_min/lef1_state063_overlay_crystal.png
[render] /project2/rohs_102/shewchuk/TF-conformation/analysis/figures/pymol/prepost_min/lef1_state010_before.png
[render] /project2/rohs_102/shewchuk/TF-conformation/analysis/figures/pymol/prepost_min/lef1_state010_after.png
[render] /project2/rohs_102/shewchuk/TF-conformation/analysis/figures/pymol/prepost_min/lef1_state010_overlay.png
[render] /project2/rohs_102/shewchuk/TF-conformation/analysis/figures/pymol/prepost_min/lef1_state010_overlay_crystal.png
[pilot] nfat sample states: [73, 30]
[render] /project2/rohs_102/shewchuk/TF-conformation/analysis/figures/pymol/prepost_min/nfat_crystal.png
[render] /project2/rohs_102/shewchuk/TF-conformation/analysis/figures/pymol/prepost_min/nfat_state073_before.png
[render] /project2/rohs_102/shewchuk/TF-conformation/analysis/figures/pymol/prepost_min/nfat_state073_after.png
[render] /project2/rohs_102/shewchuk/TF-conformation/analysis/figures/pymol/prepost_min/nfat_state073_overlay.png
[render] /project2/rohs_102/shewchuk/TF-conformation/analysis/figures/pymol/prepost_min/nfat_state073_overlay_crystal.png
[render] /project2/rohs_102/shewchuk/TF-conformation/analysis/figures/pymol/prepost_min/nfat_state030_before.png
[render] /project2/rohs_102/shewchuk/TF-conformation/analysis/figures/pymol/prepost_min/nfat_state030_after.png
[render] /project2/rohs_102/shewchuk/TF-conformation/analysis/figures/pymol/prepost_min/nfat_state030_overlay.png
[render] /project2/rohs_102/shewchuk/TF-conformation/analysis/figures/pymol/prepost_min/nfat_state030_overlay_crystal.png
[pilot] runx sample states: [30, 27]
[render] /project2/rohs_102/shewchuk/TF-conformation/analysis/figures/pymol/prepost_min/runx_crystal.png
[render] /project2/rohs_102/shewchuk/TF-conformation/analysis/figures/pymol/prepost_min/runx_state030_before.png
[render] /project2/rohs_102/shewchuk/TF-conformation/analysis/figures/pymol/prepost_min/runx_state030_after.png
[render] /project2/rohs_102/shewchuk/TF-conformation/analysis/figures/pymol/prepost_min/runx_state030_overlay.png
[render] /project2/rohs_102/shewchuk/TF-conformation/analysis/figures/pymol/prepost_min/runx_state030_overlay_crystal.png
[render] /project2/rohs_102/shewchuk/TF-conformation/analysis/figures/pymol/prepost_min/runx_state027_before.png
[render] /project2/rohs_102/shewchuk/TF-conformation/analysis/figures/pymol/prepost_min/runx_state027_after.png
[render] /project2/rohs_102/shewchuk/TF-conformation/analysis/figures/pymol/prepost_min/runx_state027_overlay.png
[render] /project2/rohs_102/shewchuk/TF-conformation/analysis/figures/pymol/prepost_min/runx_state027_overlay_crystal.png
[pilot] tbp sample states: [17, 12]
[render] /project2/rohs_102/shewchuk/TF-conformation/analysis/figures/pymol/prepost_min/tbp_crystal.png
[render] /project2/rohs_102/shewchuk/TF-conformation/analysis/figures/pymol/prepost_min/tbp_state017_before.png
[render] /project2/rohs_102/shewchuk/TF-conformation/analysis/figures/pymol/prepost_min/tbp_state017_after.png
[render] /project2/rohs_102/shewchuk/TF-conformation/analysis/figures/pymol/prepost_min/tbp_state017_overlay.png
[render] /project2/rohs_102/shewchuk/TF-conformation/analysis/figures/pymol/prepost_min/tbp_state017_overlay_crystal.png
[render] /project2/rohs_102/shewchuk/TF-conformation/analysis/figures/pymol/prepost_min/tbp_state012_before.png
[render] /project2/rohs_102/shewchuk/TF-conformation/analysis/figures/pymol/prepost_min/tbp_state012_after.png
[render] /project2/rohs_102/shewchuk/TF-conformation/analysis/figures/pymol/prepost_min/tbp_state012_overlay.png
[render] /project2/rohs_102/shewchuk/TF-conformation/analysis/figures/pymol/prepost_min/tbp_state012_overlay_crystal.png
RENDER DONE
