[render_prepost_min] pilots=['csl', 'dux4', 'egr1', 'engrailed', 'err', 'ets1', 'foxa', 'hsf', 'irf', 'lef1', 'nfat', 'runx', 'tbp']
[pilot] csl sample states: [37, 4]
[render] /project2/rohs_102/shewchuk/TF-conformation/analysis/figures/pymol/prepost_min/csl_state037_before.png
[render] /project2/rohs_102/shewchuk/TF-conformation/analysis/figures/pymol/prepost_min/csl_state037_after.png
[render] /project2/rohs_102/shewchuk/TF-conformation/analysis/figures/pymol/prepost_min/csl_state037_overlay.png
[render] /project2/rohs_102/shewchuk/TF-conformation/analysis/figures/pymol/prepost_min/csl_state004_before.png
[render] /project2/rohs_102/shewchuk/TF-conformation/analysis/figures/pymol/prepost_min/csl_state004_after.png
[render] /project2/rohs_102/shewchuk/TF-conformation/analysis/figures/pymol/prepost_min/csl_state004_overlay.png
[pilot] dux4 sample states: [83, 24]
[render] /project2/rohs_102/shewchuk/TF-conformation/analysis/figures/pymol/prepost_min/dux4_state083_before.png
[render] /project2/rohs_102/shewchuk/TF-conformation/analysis/figures/pymol/prepost_min/dux4_state083_after.png
[render] /project2/rohs_102/shewchuk/TF-conformation/analysis/figures/pymol/prepost_min/dux4_state083_overlay.png
[render] /project2/rohs_102/shewchuk/TF-conformation/analysis/figures/pymol/prepost_min/dux4_state024_before.png
[render] /project2/rohs_102/shewchuk/TF-conformation/analysis/figures/pymol/prepost_min/dux4_state024_after.png
[render] /project2/rohs_102/shewchuk/TF-conformation/analysis/figures/pymol/prepost_min/dux4_state024_overlay.png
[pilot] egr1 sample states: [54, 94]
[render] /project2/rohs_102/shewchuk/TF-conformation/analysis/figures/pymol/prepost_min/egr1_state054_before.png
[render] /project2/rohs_102/shewchuk/TF-conformation/analysis/figures/pymol/prepost_min/egr1_state054_after.png
[render] /project2/rohs_102/shewchuk/TF-conformation/analysis/figures/pymol/prepost_min/egr1_state054_overlay.png
[render] /project2/rohs_102/shewchuk/TF-conformation/analysis/figures/pymol/prepost_min/egr1_state094_before.png
[render] /project2/rohs_102/shewchuk/TF-conformation/analysis/figures/pymol/prepost_min/egr1_state094_after.png
[render] /project2/rohs_102/shewchuk/TF-conformation/analysis/figures/pymol/prepost_min/egr1_state094_overlay.png
[pilot] engrailed sample states: [77, 24]
[render] /project2/rohs_102/shewchuk/TF-conformation/analysis/figures/pymol/prepost_min/engrailed_state077_before.png
[render] /project2/rohs_102/shewchuk/TF-conformation/analysis/figures/pymol/prepost_min/engrailed_state077_after.png
[render] /project2/rohs_102/shewchuk/TF-conformation/analysis/figures/pymol/prepost_min/engrailed_state077_overlay.png
[render] /project2/rohs_102/shewchuk/TF-conformation/analysis/figures/pymol/prepost_min/engrailed_state024_before.png
[render] /project2/rohs_102/shewchuk/TF-conformation/analysis/figures/pymol/prepost_min/engrailed_state024_after.png
[render] /project2/rohs_102/shewchuk/TF-conformation/analysis/figures/pymol/prepost_min/engrailed_state024_overlay.png
[pilot] err sample states: [14, 63]
[render] /project2/rohs_102/shewchuk/TF-conformation/analysis/figures/pymol/prepost_min/err_state014_before.png
[render] /project2/rohs_102/shewchuk/TF-conformation/analysis/figures/pymol/prepost_min/err_state014_after.png
[2026-08-03T13:47:18.005] error: *** JOB 5360790 ON a11-04 CANCELLED AT 2026-08-03T13:47:18 DUE to SIGNAL Terminated ***
