[1tgh_state_010] Found 0 structural metal ion(s); 0 coordination cluster(s) with ≥2 sidechain ligands
[1tgh_state_010] After H addition: 3716 atoms
[1tgh_state_010] Coordination-cage pairwise restraints: 0
[1tgh_state_010] Initial heavy-atom clashes: 52, min_dist: 0.65 Å
[1tgh_state_010] Phase 0: H-only minimization (heavies frozen)
[1tgh_state_010] Platform: CUDA
[1tgh_state_010]   Pre-H-min energy: 9.090e+08 kJ/mol
[1tgh_state_010]   Post-H-min energy: 9.090e+08 kJ/mol
[1tgh_state_010] Phase 1: vdW ramping with backbone + cage restraints
[1tgh_state_010]   Restrained 586 backbone atoms (protein+DNA, k=10.0 kcal/mol/Å²)
[1tgh_state_010]   Stage 1/5: σ=0.1, PE=-4.82e+04, clashes=50, min_d=0.22 Å
[1tgh_state_010]   Stage 2/5: σ=0.3, PE=-3.96e+04, clashes=45, min_d=0.75 Å
[1tgh_state_010]   Stage 3/5: σ=0.5, PE=1.11e+05, clashes=45, min_d=0.75 Å
[1tgh_state_010]   Stage 4/5: σ=0.7, PE=-4.34e+04, clashes=21, min_d=1.54 Å
[1tgh_state_010]   Stage 5/5: σ=1.0, PE=-4.56e+04, clashes=0, min_d=2.65 Å
[1tgh_state_010] Phase 2: final minimization (max 10000 iters)
[1tgh_state_010]   Final: PE=-4.58e+04, clashes=0, min_d=2.64 Å
[1tgh_state_010] DONE in 405.4s -> /project2/rohs_102/shewchuk/TF-conformation/analysis/align_compare/_work/tbp/all_min/1tgh_state_010.pdb
[1tgh_state_010] Trajectory: clashes 52 -> 0 | min_d 0.65 -> 2.64 Å
DONE task 45 -> /project2/rohs_102/shewchuk/TF-conformation/analysis/align_compare/_work/tbp/all_min/1tgh_state_010.pdb
