[1tgh_state_003] Found 0 structural metal ion(s); 0 coordination cluster(s) with ≥2 sidechain ligands
[1tgh_state_003] After H addition: 3716 atoms
[1tgh_state_003] Coordination-cage pairwise restraints: 0
[1tgh_state_003] Initial heavy-atom clashes: 15, min_dist: 0.72 Å
[1tgh_state_003] Phase 0: H-only minimization (heavies frozen)
[1tgh_state_003] Platform: CUDA
[1tgh_state_003]   Pre-H-min energy: 1.260e+08 kJ/mol
[1tgh_state_003]   Post-H-min energy: 1.260e+08 kJ/mol
[1tgh_state_003] Phase 1: vdW ramping with backbone + cage restraints
[1tgh_state_003]   Restrained 586 backbone atoms (protein+DNA, k=10.0 kcal/mol/Å²)
[1tgh_state_003]   Stage 1/5: σ=0.1, PE=-3.43e+04, clashes=14, min_d=0.93 Å
[1tgh_state_003]   Stage 2/5: σ=0.3, PE=-3.43e+04, clashes=14, min_d=0.93 Å
[1tgh_state_003]   Stage 3/5: σ=0.5, PE=-3.33e+04, clashes=14, min_d=0.93 Å
[1tgh_state_003]   Stage 4/5: σ=0.7, PE=-4.34e+04, clashes=12, min_d=1.55 Å
[1tgh_state_003]   Stage 5/5: σ=1.0, PE=-4.63e+04, clashes=0, min_d=2.57 Å
[1tgh_state_003] Phase 2: final minimization (max 10000 iters)
[1tgh_state_003]   Final: PE=-4.63e+04, clashes=0, min_d=2.57 Å
[1tgh_state_003] DONE in 770.6s -> /project2/rohs_102/shewchuk/TF-conformation/analysis/align_compare/_work/tbp/interface_min/1tgh_state_003.pdb
[1tgh_state_003] Trajectory: clashes 15 -> 0 | min_d 0.72 -> 2.57 Å
DONE task 26 -> /project2/rohs_102/shewchuk/TF-conformation/analysis/align_compare/_work/tbp/interface_min/1tgh_state_003.pdb
