[1k79_state_004] Found 0 structural metal ion(s); 0 coordination cluster(s) with ≥2 sidechain ligands
[1k79_state_004] After H addition: 2703 atoms
[1k79_state_004] Coordination-cage pairwise restraints: 0
[1k79_state_004] Initial heavy-atom clashes: 0, min_dist: 22.44 Å
[1k79_state_004] Phase 0: H-only minimization (heavies frozen)
[1k79_state_004] Platform: CUDA
[1k79_state_004]   Pre-H-min energy: 2.718e+09 kJ/mol
[1k79_state_004]   Post-H-min energy: 2.718e+09 kJ/mol
[1k79_state_004] Phase 1: vdW ramping with backbone + cage restraints
[1k79_state_004]   Restrained 370 backbone atoms (protein+DNA, k=10.0 kcal/mol/Å²)
[1k79_state_004]   Stage 1/5: σ=0.1, PE=-2.35e+04, clashes=0, min_d=22.44 Å
[1k79_state_004]   Stage 2/5: σ=0.3, PE=-3.55e+04, clashes=0, min_d=22.40 Å
[1k79_state_004]   Stage 3/5: σ=0.5, PE=3.16e+02, clashes=0, min_d=22.40 Å
[1k79_state_004]   Stage 4/5: σ=0.7, PE=-3.89e+04, clashes=0, min_d=22.42 Å
[1k79_state_004]   Stage 5/5: σ=1.0, PE=-3.17e+04, clashes=0, min_d=22.66 Å
[1k79_state_004] Phase 2: final minimization (max 10000 iters)
[1k79_state_004]   Final: PE=-3.19e+04, clashes=0, min_d=22.10 Å
[1k79_state_004] DONE in 635.9s -> /project2/rohs_102/shewchuk/TF-conformation/analysis/align_compare/_work/ets1/all_min/1k79_state_004.pdb
[1k79_state_004] Trajectory: clashes 0 -> 0 | min_d 22.44 -> 22.10 Å
DONE task 15 -> /project2/rohs_102/shewchuk/TF-conformation/analysis/align_compare/_work/ets1/all_min/1k79_state_004.pdb
