[1k79_state_010] Found 0 structural metal ion(s); 0 coordination cluster(s) with ≥2 sidechain ligands
[1k79_state_010] After H addition: 2703 atoms
[1k79_state_010] Coordination-cage pairwise restraints: 0
[1k79_state_010] Initial heavy-atom clashes: 0, min_dist: 25.07 Å
[1k79_state_010] Phase 0: H-only minimization (heavies frozen)
[1k79_state_010] Platform: CUDA
[1k79_state_010]   Pre-H-min energy: -1.373e+04 kJ/mol
[1k79_state_010]   Post-H-min energy: -1.419e+04 kJ/mol
[1k79_state_010] Phase 1: vdW ramping with backbone + cage restraints
[1k79_state_010]   Restrained 370 backbone atoms (protein+DNA, k=10.0 kcal/mol/Å²)
[1k79_state_010]   Stage 1/5: σ=0.1, PE=-2.71e+04, clashes=0, min_d=25.07 Å
[1k79_state_010]   Stage 2/5: σ=0.3, PE=-3.67e+04, clashes=0, min_d=25.05 Å
[1k79_state_010]   Stage 3/5: σ=0.5, PE=-1.93e+04, clashes=0, min_d=25.05 Å
[1k79_state_010]   Stage 4/5: σ=0.7, PE=-4.09e+04, clashes=0, min_d=25.04 Å
[1k79_state_010]   Stage 5/5: σ=1.0, PE=-4.27e+04, clashes=0, min_d=24.92 Å
[1k79_state_010] Phase 2: final minimization (max 10000 iters)
[1k79_state_010]   Final: PE=-4.29e+04, clashes=0, min_d=25.06 Å
[1k79_state_010] DONE in 36.5s -> /project2/rohs_102/shewchuk/TF-conformation/analysis/align_compare/_work/ets1/interface_min/1k79_state_010.pdb
[1k79_state_010] Trajectory: clashes 0 -> 0 | min_d 25.07 -> 25.06 Å
DONE task 9 -> /project2/rohs_102/shewchuk/TF-conformation/analysis/align_compare/_work/ets1/interface_min/1k79_state_010.pdb
