[1tgh_state_010] Found 0 structural metal ion(s); 0 coordination cluster(s) with ≥2 sidechain ligands
[1tgh_state_010] After H addition: 3716 atoms
[1tgh_state_010] Coordination-cage pairwise restraints: 0
[1tgh_state_010] Initial heavy-atom clashes: 33, min_dist: 0.76 Å
[1tgh_state_010] Phase 0: H-only minimization (heavies frozen)
[1tgh_state_010] Platform: CUDA
[1tgh_state_010]   Pre-H-min energy: 7.831e+07 kJ/mol
[1tgh_state_010]   Post-H-min energy: 7.828e+07 kJ/mol
[1tgh_state_010] Phase 1: vdW ramping with backbone + cage restraints
[1tgh_state_010]   Restrained 586 backbone atoms (protein+DNA, k=10.0 kcal/mol/Å²)
[1tgh_state_010]   Stage 1/5: σ=0.1, PE=-4.43e+04, clashes=34, min_d=0.21 Å
[1tgh_state_010]   Stage 2/5: σ=0.3, PE=6.01e+08, clashes=34, min_d=0.21 Å
[1tgh_state_010]   Stage 3/5: σ=0.5, PE=-3.36e+04, clashes=24, min_d=1.22 Å
[1tgh_state_010]   Stage 4/5: σ=0.7, PE=-4.31e+04, clashes=15, min_d=1.55 Å
[1tgh_state_010]   Stage 5/5: σ=1.0, PE=-4.57e+04, clashes=0, min_d=2.65 Å
[1tgh_state_010] Phase 2: final minimization (max 10000 iters)
[1tgh_state_010]   Final: PE=-4.57e+04, clashes=0, min_d=2.65 Å
[1tgh_state_010] DONE in 1053.9s -> /project2/rohs_102/shewchuk/TF-conformation/analysis/align_compare/_work/tbp/interface_min/1tgh_state_010.pdb
[1tgh_state_010] Trajectory: clashes 33 -> 0 | min_d 0.76 -> 2.65 Å
DONE task 33 -> /project2/rohs_102/shewchuk/TF-conformation/analysis/align_compare/_work/tbp/interface_min/1tgh_state_010.pdb
