[2lef_state_010] Found 0 structural metal ion(s); 0 coordination cluster(s) with ≥2 sidechain ligands
[2lef_state_010] After H addition: 2436 atoms
[2lef_state_010] Coordination-cage pairwise restraints: 0
[2lef_state_010] Initial heavy-atom clashes: 282, min_dist: 0.29 Å
[2lef_state_010] Phase 0: H-only minimization (heavies frozen)
[2lef_state_010] Platform: CUDA
[2lef_state_010]   Pre-H-min energy: 7.000e+12 kJ/mol
[2lef_state_010]   Post-H-min energy: 7.000e+12 kJ/mol
[2lef_state_010] Phase 1: vdW ramping with backbone + cage restraints
[2lef_state_010]   Restrained 316 backbone atoms (protein+DNA, k=10.0 kcal/mol/Å²)
[2lef_state_010]   Stage 1/5: σ=0.1, PE=-1.52e+04, clashes=280, min_d=0.33 Å
[2lef_state_010]   Stage 2/5: σ=0.3, PE=9.92e+05, clashes=280, min_d=0.33 Å
[2lef_state_010]   Stage 3/5: σ=0.5, PE=4.64e+08, clashes=280, min_d=0.33 Å
[2lef_state_010]   Stage 4/5: σ=0.7, PE=-3.55e+04, clashes=151, min_d=1.57 Å
[2lef_state_010]   Stage 5/5: σ=1.0, PE=-1.86e+04, clashes=29, min_d=2.12 Å
[2lef_state_010] Phase 2: final minimization (max 10000 iters)
[2lef_state_010]   Final: PE=-1.94e+04, clashes=29, min_d=2.12 Å
[2lef_state_010] DONE in 144.0s -> /project2/rohs_102/shewchuk/TF-conformation/analysis/align_compare/_work/lef1/all_min/2lef_state_010.pdb
[2lef_state_010] Trajectory: clashes 282 -> 29 | min_d 0.29 -> 2.12 Å
DONE task 69 -> /project2/rohs_102/shewchuk/TF-conformation/analysis/align_compare/_work/lef1/all_min/2lef_state_010.pdb
