[1tgh_state_012] Found 0 structural metal ion(s); 0 coordination cluster(s) with ≥2 sidechain ligands
[1tgh_state_012] After H addition: 3716 atoms
[1tgh_state_012] Coordination-cage pairwise restraints: 0
[1tgh_state_012] Initial heavy-atom clashes: 23, min_dist: 1.08 Å
[1tgh_state_012] Phase 0: H-only minimization (heavies frozen)
[1tgh_state_012] Platform: CUDA
[1tgh_state_012]   Pre-H-min energy: 1.577e+06 kJ/mol
[1tgh_state_012]   Post-H-min energy: 1.570e+06 kJ/mol
[1tgh_state_012] Phase 1: vdW ramping with backbone + cage restraints
[1tgh_state_012]   Restrained 586 backbone atoms (protein+DNA, k=10.0 kcal/mol/Å²)
[1tgh_state_012]   Stage 1/5: σ=0.1, PE=-2.32e+04, clashes=23, min_d=1.08 Å
[1tgh_state_012]   Stage 2/5: σ=0.3, PE=-2.32e+04, clashes=23, min_d=1.08 Å
[1tgh_state_012]   Stage 3/5: σ=0.5, PE=-3.58e+04, clashes=19, min_d=1.41 Å
[1tgh_state_012]   Stage 4/5: σ=0.7, PE=-4.29e+04, clashes=15, min_d=1.54 Å
[1tgh_state_012]   Stage 5/5: σ=1.0, PE=-4.63e+04, clashes=0, min_d=2.58 Å
[1tgh_state_012] Phase 2: final minimization (max 10000 iters)
[1tgh_state_012]   Final: PE=-4.63e+04, clashes=0, min_d=2.58 Å
[1tgh_state_012] DONE in 187.6s -> /project2/rohs_102/shewchuk/TF-conformation/analysis/align_compare/_work/tbp/interface_min/1tgh_state_012.pdb
[1tgh_state_012] Trajectory: clashes 23 -> 0 | min_d 1.08 -> 2.58 Å
DONE task 35 -> /project2/rohs_102/shewchuk/TF-conformation/analysis/align_compare/_work/tbp/interface_min/1tgh_state_012.pdb
