[2lef_state_004] Found 0 structural metal ion(s); 0 coordination cluster(s) with ≥2 sidechain ligands
[2lef_state_004] After H addition: 2436 atoms
[2lef_state_004] Coordination-cage pairwise restraints: 0
[2lef_state_004] Initial heavy-atom clashes: 348, min_dist: 0.21 Å
[2lef_state_004] Phase 0: H-only minimization (heavies frozen)
[2lef_state_004] Platform: CUDA
[2lef_state_004]   Pre-H-min energy: 5.433e+14 kJ/mol
[2lef_state_004]   Post-H-min energy: 5.433e+14 kJ/mol
[2lef_state_004] Phase 1: vdW ramping with backbone + cage restraints
[2lef_state_004]   Restrained 316 backbone atoms (protein+DNA, k=10.0 kcal/mol/Å²)
[2lef_state_004]   Stage 1/5: σ=0.1, PE=-1.06e+03, clashes=348, min_d=0.21 Å
[2lef_state_004]   Stage 2/5: σ=0.3, PE=2.51e+08, clashes=348, min_d=0.21 Å
[2lef_state_004]   Stage 3/5: σ=0.5, PE=2.39e+04, clashes=309, min_d=0.99 Å
[2lef_state_004]   Stage 4/5: σ=0.7, PE=-3.76e+04, clashes=122, min_d=1.55 Å
[2lef_state_004]   Stage 5/5: σ=1.0, PE=-3.66e+04, clashes=0, min_d=2.49 Å
[2lef_state_004] Phase 2: final minimization (max 10000 iters)
[2lef_state_004]   Final: PE=-3.77e+04, clashes=0, min_d=2.60 Å
[2lef_state_004] DONE in 276.3s -> /project2/rohs_102/shewchuk/TF-conformation/analysis/align_compare/_work/lef1/all_min/2lef_state_004.pdb
[2lef_state_004] Trajectory: clashes 348 -> 0 | min_d 0.21 -> 2.60 Å
DONE task 63 -> /project2/rohs_102/shewchuk/TF-conformation/analysis/align_compare/_work/lef1/all_min/2lef_state_004.pdb
