[1k79_state_005] Found 0 structural metal ion(s); 0 coordination cluster(s) with ≥2 sidechain ligands
[1k79_state_005] After H addition: 2703 atoms
[1k79_state_005] Coordination-cage pairwise restraints: 0
[1k79_state_005] Initial heavy-atom clashes: 0, min_dist: 24.04 Å
[1k79_state_005] Phase 0: H-only minimization (heavies frozen)
[1k79_state_005] Platform: CUDA
[1k79_state_005]   Pre-H-min energy: 9.415e+07 kJ/mol
[1k79_state_005]   Post-H-min energy: 9.413e+07 kJ/mol
[1k79_state_005] Phase 1: vdW ramping with backbone + cage restraints
[1k79_state_005]   Restrained 370 backbone atoms (protein+DNA, k=10.0 kcal/mol/Å²)
[1k79_state_005]   Stage 1/5: σ=0.1, PE=-2.51e+04, clashes=0, min_d=24.04 Å
[1k79_state_005]   Stage 2/5: σ=0.3, PE=-3.50e+04, clashes=0, min_d=24.04 Å
[1k79_state_005]   Stage 3/5: σ=0.5, PE=-1.91e+03, clashes=0, min_d=24.04 Å
[1k79_state_005]   Stage 4/5: σ=0.7, PE=-4.08e+04, clashes=0, min_d=24.06 Å
[1k79_state_005]   Stage 5/5: σ=1.0, PE=-4.26e+04, clashes=0, min_d=23.37 Å
[1k79_state_005] Phase 2: final minimization (max 10000 iters)
[1k79_state_005]   Final: PE=-4.26e+04, clashes=0, min_d=23.37 Å
[1k79_state_005] DONE in 943.4s -> /project2/rohs_102/shewchuk/TF-conformation/analysis/align_compare/_work/ets1/interface_min/1k79_state_005.pdb
[1k79_state_005] Trajectory: clashes 0 -> 0 | min_d 24.04 -> 23.37 Å
DONE task 4 -> /project2/rohs_102/shewchuk/TF-conformation/analysis/align_compare/_work/ets1/interface_min/1k79_state_005.pdb
