[1tgh_state_005] Found 0 structural metal ion(s); 0 coordination cluster(s) with ≥2 sidechain ligands
[1tgh_state_005] After H addition: 3716 atoms
[1tgh_state_005] Coordination-cage pairwise restraints: 0
[1tgh_state_005] Initial heavy-atom clashes: 49, min_dist: 0.97 Å
[1tgh_state_005] Phase 0: H-only minimization (heavies frozen)
[1tgh_state_005] Platform: CUDA
[1tgh_state_005]   Pre-H-min energy: 7.975e+06 kJ/mol
[1tgh_state_005]   Post-H-min energy: 7.967e+06 kJ/mol
[1tgh_state_005] Phase 1: vdW ramping with backbone + cage restraints
[1tgh_state_005]   Restrained 586 backbone atoms (protein+DNA, k=10.0 kcal/mol/Å²)
[1tgh_state_005]   Stage 1/5: σ=0.1, PE=-1.50e+04, clashes=49, min_d=0.98 Å
[1tgh_state_005]   Stage 2/5: σ=0.3, PE=-1.50e+04, clashes=49, min_d=0.98 Å
[1tgh_state_005]   Stage 3/5: σ=0.5, PE=-8.79e+04, clashes=49, min_d=0.96 Å
[1tgh_state_005]   Stage 4/5: σ=0.7, PE=-4.68e+05, clashes=49, min_d=0.96 Å
[1tgh_state_005]   Stage 5/5: σ=1.0, PE=-4.46e+04, clashes=0, min_d=2.70 Å
[1tgh_state_005] Phase 2: final minimization (max 10000 iters)
[1tgh_state_005]   Final: PE=-4.50e+04, clashes=0, min_d=2.68 Å
[1tgh_state_005] DONE in 623.0s -> /project2/rohs_102/shewchuk/TF-conformation/analysis/align_compare/_work/tbp/interface_min/1tgh_state_005.pdb
[1tgh_state_005] Trajectory: clashes 49 -> 0 | min_d 0.97 -> 2.68 Å
DONE task 28 -> /project2/rohs_102/shewchuk/TF-conformation/analysis/align_compare/_work/tbp/interface_min/1tgh_state_005.pdb
