[2lef_state_003] Found 0 structural metal ion(s); 0 coordination cluster(s) with ≥2 sidechain ligands
[2lef_state_003] After H addition: 2436 atoms
[2lef_state_003] Coordination-cage pairwise restraints: 0
[2lef_state_003] Initial heavy-atom clashes: 197, min_dist: 0.11 Å
[2lef_state_003] Phase 0: H-only minimization (heavies frozen)
[2lef_state_003] Platform: CUDA
[2lef_state_003]   Pre-H-min energy: 8.281e+17 kJ/mol
[2lef_state_003]   Post-H-min energy: 8.281e+17 kJ/mol
[2lef_state_003] Phase 1: vdW ramping with backbone + cage restraints
[2lef_state_003]   Restrained 316 backbone atoms (protein+DNA, k=10.0 kcal/mol/Å²)
[2lef_state_003]   Stage 1/5: σ=0.1, PE=-1.65e+04, clashes=197, min_d=0.23 Å
[2lef_state_003]   Stage 2/5: σ=0.3, PE=1.80e+08, clashes=197, min_d=0.23 Å
[2lef_state_003]   Stage 3/5: σ=0.5, PE=8.25e+10, clashes=197, min_d=0.23 Å
[2lef_state_003]   Stage 4/5: σ=0.7, PE=-3.95e+04, clashes=76, min_d=1.54 Å
[2lef_state_003]   Stage 5/5: σ=1.0, PE=-4.02e+04, clashes=0, min_d=2.54 Å
[2lef_state_003] Phase 2: final minimization (max 10000 iters)
[2lef_state_003]   Final: PE=-4.10e+04, clashes=0, min_d=2.58 Å
[2lef_state_003] DONE in 236.8s -> /project2/rohs_102/shewchuk/TF-conformation/analysis/align_compare/_work/lef1/interface_min/2lef_state_003.pdb
[2lef_state_003] Trajectory: clashes 197 -> 0 | min_d 0.11 -> 2.58 Å
DONE task 50 -> /project2/rohs_102/shewchuk/TF-conformation/analysis/align_compare/_work/lef1/interface_min/2lef_state_003.pdb
