[2lef_state_001] Found 0 structural metal ion(s); 0 coordination cluster(s) with ≥2 sidechain ligands
[2lef_state_001] After H addition: 2436 atoms
[2lef_state_001] Coordination-cage pairwise restraints: 0
[2lef_state_001] Initial heavy-atom clashes: 193, min_dist: 0.36 Å
[2lef_state_001] Phase 0: H-only minimization (heavies frozen)
[2lef_state_001] Platform: CUDA
[2lef_state_001]   Pre-H-min energy: 1.368e+12 kJ/mol
[2lef_state_001]   Post-H-min energy: 1.368e+12 kJ/mol
[2lef_state_001] Phase 1: vdW ramping with backbone + cage restraints
[2lef_state_001]   Restrained 316 backbone atoms (protein+DNA, k=10.0 kcal/mol/Å²)
[2lef_state_001]   Stage 1/5: σ=0.1, PE=-1.98e+04, clashes=193, min_d=0.40 Å
[2lef_state_001]   Stage 2/5: σ=0.3, PE=1.87e+05, clashes=193, min_d=0.40 Å
[2lef_state_001]   Stage 3/5: σ=0.5, PE=9.54e+07, clashes=193, min_d=0.40 Å
[2lef_state_001]   Stage 4/5: σ=0.7, PE=-3.83e+04, clashes=117, min_d=1.53 Å
[2lef_state_001]   Stage 5/5: σ=1.0, PE=-2.79e+04, clashes=20, min_d=2.13 Å
[2lef_state_001] Phase 2: final minimization (max 10000 iters)
[2lef_state_001]   Final: PE=-2.84e+04, clashes=20, min_d=2.13 Å
[2lef_state_001] DONE in 301.9s -> /project2/rohs_102/shewchuk/TF-conformation/analysis/align_compare/_work/lef1/interface_min/2lef_state_001.pdb
[2lef_state_001] Trajectory: clashes 193 -> 20 | min_d 0.36 -> 2.13 Å
DONE task 48 -> /project2/rohs_102/shewchuk/TF-conformation/analysis/align_compare/_work/lef1/interface_min/2lef_state_001.pdb
