[1tgh_state_007] Found 0 structural metal ion(s); 0 coordination cluster(s) with ≥2 sidechain ligands
[1tgh_state_007] After H addition: 3716 atoms
[1tgh_state_007] Coordination-cage pairwise restraints: 0
[1tgh_state_007] Initial heavy-atom clashes: 26, min_dist: 0.70 Å
[1tgh_state_007] Phase 0: H-only minimization (heavies frozen)
[1tgh_state_007] Platform: CUDA
[1tgh_state_007]   Pre-H-min energy: 3.058e+08 kJ/mol
[1tgh_state_007]   Post-H-min energy: 3.058e+08 kJ/mol
[1tgh_state_007] Phase 1: vdW ramping with backbone + cage restraints
[1tgh_state_007]   Restrained 586 backbone atoms (protein+DNA, k=10.0 kcal/mol/Å²)
[1tgh_state_007]   Stage 1/5: σ=0.1, PE=-4.31e+04, clashes=30, min_d=0.23 Å
[1tgh_state_007]   Stage 2/5: σ=0.3, PE=-4.53e+04, clashes=22, min_d=0.75 Å
[1tgh_state_007]   Stage 3/5: σ=0.5, PE=5.44e+05, clashes=22, min_d=0.75 Å
[1tgh_state_007]   Stage 4/5: σ=0.7, PE=-4.25e+04, clashes=11, min_d=2.08 Å
[1tgh_state_007]   Stage 5/5: σ=1.0, PE=-4.60e+04, clashes=0, min_d=2.76 Å
[1tgh_state_007] Phase 2: final minimization (max 10000 iters)
[1tgh_state_007]   Final: PE=-4.60e+04, clashes=0, min_d=2.76 Å
[1tgh_state_007] DONE in 726.9s -> /project2/rohs_102/shewchuk/TF-conformation/analysis/align_compare/_work/tbp/all_min/1tgh_state_007.pdb
[1tgh_state_007] Trajectory: clashes 26 -> 0 | min_d 0.70 -> 2.76 Å
DONE task 42 -> /project2/rohs_102/shewchuk/TF-conformation/analysis/align_compare/_work/tbp/all_min/1tgh_state_007.pdb
