[1tgh_state_005] Found 0 structural metal ion(s); 0 coordination cluster(s) with ≥2 sidechain ligands
[1tgh_state_005] After H addition: 3716 atoms
[1tgh_state_005] Coordination-cage pairwise restraints: 0
[1tgh_state_005] Initial heavy-atom clashes: 48, min_dist: 0.69 Å
[1tgh_state_005] Phase 0: H-only minimization (heavies frozen)
[1tgh_state_005] Platform: CUDA
[1tgh_state_005]   Pre-H-min energy: 3.114e+08 kJ/mol
[1tgh_state_005]   Post-H-min energy: 3.114e+08 kJ/mol
[1tgh_state_005] Phase 1: vdW ramping with backbone + cage restraints
[1tgh_state_005]   Restrained 586 backbone atoms (protein+DNA, k=10.0 kcal/mol/Å²)
[1tgh_state_005]   Stage 1/5: σ=0.1, PE=-1.83e+04, clashes=48, min_d=0.70 Å
[1tgh_state_005]   Stage 2/5: σ=0.3, PE=-1.82e+04, clashes=48, min_d=0.70 Å
[1tgh_state_005]   Stage 3/5: σ=0.5, PE=3.62e+04, clashes=48, min_d=0.70 Å
[1tgh_state_005]   Stage 4/5: σ=0.7, PE=-4.21e+04, clashes=14, min_d=1.67 Å
[1tgh_state_005]   Stage 5/5: σ=1.0, PE=-4.53e+04, clashes=0, min_d=2.55 Å
[1tgh_state_005] Phase 2: final minimization (max 10000 iters)
[1tgh_state_005]   Final: PE=-4.55e+04, clashes=0, min_d=2.54 Å
[1tgh_state_005] DONE in 724.0s -> /project2/rohs_102/shewchuk/TF-conformation/analysis/align_compare/_work/tbp/all_min/1tgh_state_005.pdb
[1tgh_state_005] Trajectory: clashes 48 -> 0 | min_d 0.69 -> 2.54 Å
DONE task 40 -> /project2/rohs_102/shewchuk/TF-conformation/analysis/align_compare/_work/tbp/all_min/1tgh_state_005.pdb
