[1tgh_state_009] Found 0 structural metal ion(s); 0 coordination cluster(s) with ≥2 sidechain ligands
[1tgh_state_009] After H addition: 3716 atoms
[1tgh_state_009] Coordination-cage pairwise restraints: 0
[1tgh_state_009] Initial heavy-atom clashes: 19, min_dist: 0.23 Å
[1tgh_state_009] Phase 0: H-only minimization (heavies frozen)
[1tgh_state_009] Platform: CUDA
[1tgh_state_009]   Pre-H-min energy: 1.449e+14 kJ/mol
[1tgh_state_009]   Post-H-min energy: 1.449e+14 kJ/mol
[1tgh_state_009] Phase 1: vdW ramping with backbone + cage restraints
[1tgh_state_009]   Restrained 586 backbone atoms (protein+DNA, k=10.0 kcal/mol/Å²)
[1tgh_state_009]   Stage 1/5: σ=0.1, PE=-2.32e+04, clashes=19, min_d=0.19 Å
[1tgh_state_009]   Stage 2/5: σ=0.3, PE=7.63e+08, clashes=19, min_d=0.19 Å
[1tgh_state_009]   Stage 3/5: σ=0.5, PE=3.51e+11, clashes=19, min_d=0.19 Å
[1tgh_state_009]   Stage 4/5: σ=0.7, PE=-4.37e+04, clashes=8, min_d=1.55 Å
[1tgh_state_009]   Stage 5/5: σ=1.0, PE=-4.65e+04, clashes=0, min_d=2.59 Å
[1tgh_state_009] Phase 2: final minimization (max 10000 iters)
[1tgh_state_009]   Final: PE=-4.67e+04, clashes=0, min_d=2.59 Å
[1tgh_state_009] DONE in 616.1s -> /project2/rohs_102/shewchuk/TF-conformation/analysis/align_compare/_work/tbp/interface_min/1tgh_state_009.pdb
[1tgh_state_009] Trajectory: clashes 19 -> 0 | min_d 0.23 -> 2.59 Å
DONE task 32 -> /project2/rohs_102/shewchuk/TF-conformation/analysis/align_compare/_work/tbp/interface_min/1tgh_state_009.pdb
