[1k79_state_003] Found 0 structural metal ion(s); 0 coordination cluster(s) with ≥2 sidechain ligands
[1k79_state_003] After H addition: 2703 atoms
[1k79_state_003] Coordination-cage pairwise restraints: 0
[1k79_state_003] Initial heavy-atom clashes: 0, min_dist: 24.21 Å
[1k79_state_003] Phase 0: H-only minimization (heavies frozen)
[1k79_state_003] Platform: CUDA
[1k79_state_003]   Pre-H-min energy: 6.618e+10 kJ/mol
[1k79_state_003]   Post-H-min energy: 6.618e+10 kJ/mol
[1k79_state_003] Phase 1: vdW ramping with backbone + cage restraints
[1k79_state_003]   Restrained 370 backbone atoms (protein+DNA, k=10.0 kcal/mol/Å²)
[1k79_state_003]   Stage 1/5: σ=0.1, PE=-4.89e+04, clashes=0, min_d=24.12 Å
[1k79_state_003]   Stage 2/5: σ=0.3, PE=7.28e+08, clashes=0, min_d=24.12 Å
[1k79_state_003]   Stage 3/5: σ=0.5, PE=3.34e+11, clashes=0, min_d=24.12 Å
[1k79_state_003]   Stage 4/5: σ=0.7, PE=-4.07e+04, clashes=0, min_d=24.08 Å
[1k79_state_003]   Stage 5/5: σ=1.0, PE=-4.26e+04, clashes=0, min_d=23.79 Å
[1k79_state_003] Phase 2: final minimization (max 10000 iters)
[1k79_state_003]   Final: PE=-4.26e+04, clashes=0, min_d=23.79 Å
[1k79_state_003] DONE in 156.0s -> /project2/rohs_102/shewchuk/TF-conformation/analysis/align_compare/_work/ets1/interface_min/1k79_state_003.pdb
[1k79_state_003] Trajectory: clashes 0 -> 0 | min_d 24.21 -> 23.79 Å
DONE task 2 -> /project2/rohs_102/shewchuk/TF-conformation/analysis/align_compare/_work/ets1/interface_min/1k79_state_003.pdb
