[1k79_state_009] Found 0 structural metal ion(s); 0 coordination cluster(s) with ≥2 sidechain ligands
[1k79_state_009] After H addition: 2703 atoms
[1k79_state_009] Coordination-cage pairwise restraints: 0
[1k79_state_009] Initial heavy-atom clashes: 0, min_dist: 25.81 Å
[1k79_state_009] Phase 0: H-only minimization (heavies frozen)
[1k79_state_009] Platform: CUDA
[1k79_state_009]   Pre-H-min energy: -1.525e+04 kJ/mol
[1k79_state_009]   Post-H-min energy: -1.587e+04 kJ/mol
[1k79_state_009] Phase 1: vdW ramping with backbone + cage restraints
[1k79_state_009]   Restrained 370 backbone atoms (protein+DNA, k=10.0 kcal/mol/Å²)
[1k79_state_009]   Stage 1/5: σ=0.1, PE=-2.69e+04, clashes=0, min_d=25.81 Å
[1k79_state_009]   Stage 2/5: σ=0.3, PE=-3.53e+04, clashes=0, min_d=25.78 Å
[1k79_state_009]   Stage 3/5: σ=0.5, PE=-3.55e+04, clashes=0, min_d=25.78 Å
[1k79_state_009]   Stage 4/5: σ=0.7, PE=-4.09e+04, clashes=0, min_d=25.91 Å
[1k79_state_009]   Stage 5/5: σ=1.0, PE=-4.26e+04, clashes=0, min_d=25.45 Å
[1k79_state_009] Phase 2: final minimization (max 10000 iters)
[1k79_state_009]   Final: PE=-4.26e+04, clashes=0, min_d=25.45 Å
[1k79_state_009] DONE in 134.7s -> /project2/rohs_102/shewchuk/TF-conformation/analysis/align_compare/_work/ets1/interface_min/1k79_state_009.pdb
[1k79_state_009] Trajectory: clashes 0 -> 0 | min_d 25.81 -> 25.45 Å
DONE task 8 -> /project2/rohs_102/shewchuk/TF-conformation/analysis/align_compare/_work/ets1/interface_min/1k79_state_009.pdb
