[1k79_state_002] Found 0 structural metal ion(s); 0 coordination cluster(s) with ≥2 sidechain ligands
[1k79_state_002] After H addition: 2703 atoms
[1k79_state_002] Coordination-cage pairwise restraints: 0
[1k79_state_002] Initial heavy-atom clashes: 0, min_dist: 23.79 Å
[1k79_state_002] Phase 0: H-only minimization (heavies frozen)
[1k79_state_002] Platform: CUDA
[1k79_state_002]   Pre-H-min energy: 5.374e+13 kJ/mol
[1k79_state_002]   Post-H-min energy: 5.374e+13 kJ/mol
[1k79_state_002] Phase 1: vdW ramping with backbone + cage restraints
[1k79_state_002]   Restrained 370 backbone atoms (protein+DNA, k=10.0 kcal/mol/Å²)
[1k79_state_002]   Stage 1/5: σ=0.1, PE=-2.54e+04, clashes=0, min_d=23.79 Å
[1k79_state_002]   Stage 2/5: σ=0.3, PE=1.45e+05, clashes=0, min_d=23.79 Å
[1k79_state_002]   Stage 3/5: σ=0.5, PE=7.85e+07, clashes=0, min_d=23.79 Å
[1k79_state_002]   Stage 4/5: σ=0.7, PE=-4.17e+04, clashes=0, min_d=23.93 Å
[1k79_state_002]   Stage 5/5: σ=1.0, PE=-4.25e+04, clashes=0, min_d=23.31 Å
[1k79_state_002] Phase 2: final minimization (max 10000 iters)
[1k79_state_002]   Final: PE=-4.25e+04, clashes=0, min_d=23.31 Å
[1k79_state_002] DONE in 299.6s -> /project2/rohs_102/shewchuk/TF-conformation/analysis/align_compare/_work/ets1/interface_min/1k79_state_002.pdb
[1k79_state_002] Trajectory: clashes 0 -> 0 | min_d 23.79 -> 23.31 Å
DONE task 1 -> /project2/rohs_102/shewchuk/TF-conformation/analysis/align_compare/_work/ets1/interface_min/1k79_state_002.pdb
