[2lef_state_007] Found 0 structural metal ion(s); 0 coordination cluster(s) with ≥2 sidechain ligands
[2lef_state_007] After H addition: 2436 atoms
[2lef_state_007] Coordination-cage pairwise restraints: 0
[2lef_state_007] Initial heavy-atom clashes: 195, min_dist: 0.35 Å
[2lef_state_007] Phase 0: H-only minimization (heavies frozen)
[2lef_state_007] Platform: CUDA
[2lef_state_007]   Pre-H-min energy: 1.566e+12 kJ/mol
[2lef_state_007]   Post-H-min energy: 1.566e+12 kJ/mol
[2lef_state_007] Phase 1: vdW ramping with backbone + cage restraints
[2lef_state_007]   Restrained 316 backbone atoms (protein+DNA, k=10.0 kcal/mol/Å²)
[2lef_state_007]   Stage 1/5: σ=0.1, PE=-1.79e+04, clashes=195, min_d=0.32 Å
[2lef_state_007]   Stage 2/5: σ=0.3, PE=-3.87e+04, clashes=187, min_d=0.73 Å
[2lef_state_007]   Stage 3/5: σ=0.5, PE=1.96e+05, clashes=187, min_d=0.73 Å
[2lef_state_007]   Stage 4/5: σ=0.7, PE=-3.71e+04, clashes=93, min_d=1.56 Å
[2lef_state_007]   Stage 5/5: σ=1.0, PE=-2.52e+04, clashes=20, min_d=2.19 Å
[2lef_state_007] Phase 2: final minimization (max 10000 iters)
[2lef_state_007]   Final: PE=-2.58e+04, clashes=20, min_d=2.19 Å
[2lef_state_007] DONE in 376.1s -> /project2/rohs_102/shewchuk/TF-conformation/analysis/align_compare/_work/lef1/all_min/2lef_state_007.pdb
[2lef_state_007] Trajectory: clashes 195 -> 20 | min_d 0.35 -> 2.19 Å
DONE task 66 -> /project2/rohs_102/shewchuk/TF-conformation/analysis/align_compare/_work/lef1/all_min/2lef_state_007.pdb
