[1tgh_state_002] Found 0 structural metal ion(s); 0 coordination cluster(s) with ≥2 sidechain ligands
[1tgh_state_002] After H addition: 3716 atoms
[1tgh_state_002] Coordination-cage pairwise restraints: 0
[1tgh_state_002] Initial heavy-atom clashes: 31, min_dist: 0.96 Å
[1tgh_state_002] Phase 0: H-only minimization (heavies frozen)
[1tgh_state_002] Platform: CUDA
[1tgh_state_002]   Pre-H-min energy: 1.844e+07 kJ/mol
[1tgh_state_002]   Post-H-min energy: 1.841e+07 kJ/mol
[1tgh_state_002] Phase 1: vdW ramping with backbone + cage restraints
[1tgh_state_002]   Restrained 586 backbone atoms (protein+DNA, k=10.0 kcal/mol/Å²)
[1tgh_state_002]   Stage 1/5: σ=0.1, PE=-2.17e+04, clashes=30, min_d=0.97 Å
[1tgh_state_002]   Stage 2/5: σ=0.3, PE=-3.70e+04, clashes=31, min_d=0.87 Å
[1tgh_state_002]   Stage 3/5: σ=0.5, PE=3.65e+04, clashes=31, min_d=0.87 Å
[1tgh_state_002]   Stage 4/5: σ=0.7, PE=-4.36e+04, clashes=11, min_d=1.55 Å
[1tgh_state_002]   Stage 5/5: σ=1.0, PE=-4.62e+04, clashes=0, min_d=2.59 Å
[1tgh_state_002] Phase 2: final minimization (max 10000 iters)
[1tgh_state_002]   Final: PE=-4.62e+04, clashes=0, min_d=2.59 Å
[1tgh_state_002] DONE in 176.7s -> /project2/rohs_102/shewchuk/TF-conformation/analysis/align_compare/_work/tbp/all_min/1tgh_state_002.pdb
[1tgh_state_002] Trajectory: clashes 31 -> 0 | min_d 0.96 -> 2.59 Å
DONE task 37 -> /project2/rohs_102/shewchuk/TF-conformation/analysis/align_compare/_work/tbp/all_min/1tgh_state_002.pdb
