[1tgh_state_008] Found 0 structural metal ion(s); 0 coordination cluster(s) with ≥2 sidechain ligands
[1tgh_state_008] After H addition: 3716 atoms
[1tgh_state_008] Coordination-cage pairwise restraints: 0
[1tgh_state_008] Initial heavy-atom clashes: 28, min_dist: 1.15 Å
[1tgh_state_008] Phase 0: H-only minimization (heavies frozen)
[1tgh_state_008] Platform: CUDA
[1tgh_state_008]   Pre-H-min energy: 8.419e+05 kJ/mol
[1tgh_state_008]   Post-H-min energy: 8.404e+05 kJ/mol
[1tgh_state_008] Phase 1: vdW ramping with backbone + cage restraints
[1tgh_state_008]   Restrained 586 backbone atoms (protein+DNA, k=10.0 kcal/mol/Å²)
[1tgh_state_008]   Stage 1/5: σ=0.1, PE=-5.84e+04, clashes=43, min_d=0.23 Å
[1tgh_state_008]   Stage 2/5: σ=0.3, PE=1.33e+09, clashes=43, min_d=0.23 Å
[1tgh_state_008]   Stage 3/5: σ=0.5, PE=6.13e+11, clashes=43, min_d=0.23 Å
[1tgh_state_008]   Stage 4/5: σ=0.7, PE=-4.48e+04, clashes=15, min_d=1.95 Å
[1tgh_state_008]   Stage 5/5: σ=1.0, PE=-4.61e+04, clashes=0, min_d=2.78 Å
[1tgh_state_008] Phase 2: final minimization (max 10000 iters)
[1tgh_state_008]   Final: PE=-4.61e+04, clashes=0, min_d=2.78 Å
[1tgh_state_008] DONE in 124.5s -> /project2/rohs_102/shewchuk/TF-conformation/analysis/align_compare/_work/tbp/interface_min/1tgh_state_008.pdb
[1tgh_state_008] Trajectory: clashes 28 -> 0 | min_d 1.15 -> 2.78 Å
DONE task 31 -> /project2/rohs_102/shewchuk/TF-conformation/analysis/align_compare/_work/tbp/interface_min/1tgh_state_008.pdb
