[1tgh_state_004] Found 0 structural metal ion(s); 0 coordination cluster(s) with ≥2 sidechain ligands
[1tgh_state_004] After H addition: 3716 atoms
[1tgh_state_004] Coordination-cage pairwise restraints: 0
[1tgh_state_004] Initial heavy-atom clashes: 36, min_dist: 0.81 Å
[1tgh_state_004] Phase 0: H-only minimization (heavies frozen)
[1tgh_state_004] Platform: CUDA
[1tgh_state_004]   Pre-H-min energy: 5.372e+07 kJ/mol
[1tgh_state_004]   Post-H-min energy: 5.372e+07 kJ/mol
[1tgh_state_004] Phase 1: vdW ramping with backbone + cage restraints
[1tgh_state_004]   Restrained 586 backbone atoms (protein+DNA, k=10.0 kcal/mol/Å²)
[1tgh_state_004]   Stage 1/5: σ=0.1, PE=-2.38e+04, clashes=36, min_d=0.81 Å
[1tgh_state_004]   Stage 2/5: σ=0.3, PE=-2.38e+04, clashes=36, min_d=0.81 Å
[1tgh_state_004]   Stage 3/5: σ=0.5, PE=-1.19e+04, clashes=36, min_d=0.81 Å
[1tgh_state_004]   Stage 4/5: σ=0.7, PE=-4.28e+04, clashes=13, min_d=1.61 Å
[1tgh_state_004]   Stage 5/5: σ=1.0, PE=-4.60e+04, clashes=0, min_d=2.63 Å
[1tgh_state_004] Phase 2: final minimization (max 10000 iters)
[1tgh_state_004]   Final: PE=-4.60e+04, clashes=0, min_d=2.62 Å
[1tgh_state_004] DONE in 900.5s -> /project2/rohs_102/shewchuk/TF-conformation/analysis/align_compare/_work/tbp/all_min/1tgh_state_004.pdb
[1tgh_state_004] Trajectory: clashes 36 -> 0 | min_d 0.81 -> 2.62 Å
DONE task 39 -> /project2/rohs_102/shewchuk/TF-conformation/analysis/align_compare/_work/tbp/all_min/1tgh_state_004.pdb
