[2lef_state_012] Found 0 structural metal ion(s); 0 coordination cluster(s) with ≥2 sidechain ligands
[2lef_state_012] After H addition: 2436 atoms
[2lef_state_012] Coordination-cage pairwise restraints: 0
[2lef_state_012] Initial heavy-atom clashes: 112, min_dist: 0.36 Å
[2lef_state_012] Phase 0: H-only minimization (heavies frozen)
[2lef_state_012] Platform: CUDA
[2lef_state_012]   Pre-H-min energy: 6.008e+11 kJ/mol
[2lef_state_012]   Post-H-min energy: 6.008e+11 kJ/mol
[2lef_state_012] Phase 1: vdW ramping with backbone + cage restraints
[2lef_state_012]   Restrained 316 backbone atoms (protein+DNA, k=10.0 kcal/mol/Å²)
[2lef_state_012]   Stage 1/5: σ=0.1, PE=-1.00e+04, clashes=111, min_d=0.39 Å
[2lef_state_012]   Stage 2/5: σ=0.3, PE=1.43e+05, clashes=111, min_d=0.39 Å
[2lef_state_012]   Stage 3/5: σ=0.5, PE=7.06e+07, clashes=111, min_d=0.39 Å
[2lef_state_012]   Stage 4/5: σ=0.7, PE=-4.00e+04, clashes=58, min_d=1.55 Å
[2lef_state_012]   Stage 5/5: σ=1.0, PE=-4.08e+04, clashes=0, min_d=2.55 Å
[2lef_state_012] Phase 2: final minimization (max 10000 iters)
[2lef_state_012]   Final: PE=-4.12e+04, clashes=0, min_d=2.55 Å
[2lef_state_012] DONE in 51.2s -> /project2/rohs_102/shewchuk/TF-conformation/analysis/align_compare/_work/lef1/all_min/2lef_state_012.pdb
[2lef_state_012] Trajectory: clashes 112 -> 0 | min_d 0.36 -> 2.55 Å
DONE task 71 -> /project2/rohs_102/shewchuk/TF-conformation/analysis/align_compare/_work/lef1/all_min/2lef_state_012.pdb
