[1k79_state_008] Found 0 structural metal ion(s); 0 coordination cluster(s) with ≥2 sidechain ligands
[1k79_state_008] After H addition: 2703 atoms
[1k79_state_008] Coordination-cage pairwise restraints: 0
[1k79_state_008] Initial heavy-atom clashes: 0, min_dist: 24.07 Å
[1k79_state_008] Phase 0: H-only minimization (heavies frozen)
[1k79_state_008] Platform: CUDA
[1k79_state_008]   Pre-H-min energy: -2.357e+04 kJ/mol
[1k79_state_008]   Post-H-min energy: -2.373e+04 kJ/mol
[1k79_state_008] Phase 1: vdW ramping with backbone + cage restraints
[1k79_state_008]   Restrained 370 backbone atoms (protein+DNA, k=10.0 kcal/mol/Å²)
[1k79_state_008]   Stage 1/5: σ=0.1, PE=-4.99e+04, clashes=0, min_d=24.05 Å
[1k79_state_008]   Stage 2/5: σ=0.3, PE=-3.67e+04, clashes=0, min_d=24.05 Å
[1k79_state_008]   Stage 3/5: σ=0.5, PE=-4.09e+04, clashes=0, min_d=24.07 Å
[1k79_state_008]   Stage 4/5: σ=0.7, PE=-4.16e+04, clashes=0, min_d=24.15 Å
[1k79_state_008]   Stage 5/5: σ=1.0, PE=-4.27e+04, clashes=0, min_d=24.03 Å
[1k79_state_008] Phase 2: final minimization (max 10000 iters)
[1k79_state_008]   Final: PE=-4.27e+04, clashes=0, min_d=24.03 Å
[1k79_state_008] DONE in 116.7s -> /project2/rohs_102/shewchuk/TF-conformation/analysis/align_compare/_work/ets1/all_min/1k79_state_008.pdb
[1k79_state_008] Trajectory: clashes 0 -> 0 | min_d 24.07 -> 24.03 Å
DONE task 19 -> /project2/rohs_102/shewchuk/TF-conformation/analysis/align_compare/_work/ets1/all_min/1k79_state_008.pdb
