[1tgh_state_007] Found 0 structural metal ion(s); 0 coordination cluster(s) with ≥2 sidechain ligands
[1tgh_state_007] After H addition: 3716 atoms
[1tgh_state_007] Coordination-cage pairwise restraints: 0
[1tgh_state_007] Initial heavy-atom clashes: 25, min_dist: 0.85 Å
[1tgh_state_007] Phase 0: H-only minimization (heavies frozen)
[1tgh_state_007] Platform: CUDA
[1tgh_state_007]   Pre-H-min energy: 3.225e+07 kJ/mol
[1tgh_state_007]   Post-H-min energy: 3.224e+07 kJ/mol
[1tgh_state_007] Phase 1: vdW ramping with backbone + cage restraints
[1tgh_state_007]   Restrained 586 backbone atoms (protein+DNA, k=10.0 kcal/mol/Å²)
[1tgh_state_007]   Stage 1/5: σ=0.1, PE=-2.10e+04, clashes=25, min_d=0.85 Å
[1tgh_state_007]   Stage 2/5: σ=0.3, PE=-3.62e+04, clashes=19, min_d=0.86 Å
[1tgh_state_007]   Stage 3/5: σ=0.5, PE=-2.71e+04, clashes=19, min_d=0.86 Å
[1tgh_state_007]   Stage 4/5: σ=0.7, PE=-4.31e+04, clashes=9, min_d=1.57 Å
[1tgh_state_007]   Stage 5/5: σ=1.0, PE=-4.60e+04, clashes=0, min_d=2.63 Å
[1tgh_state_007] Phase 2: final minimization (max 10000 iters)
[1tgh_state_007]   Final: PE=-4.60e+04, clashes=0, min_d=2.63 Å
[1tgh_state_007] DONE in 960.7s -> /project2/rohs_102/shewchuk/TF-conformation/analysis/align_compare/_work/tbp/interface_min/1tgh_state_007.pdb
[1tgh_state_007] Trajectory: clashes 25 -> 0 | min_d 0.85 -> 2.63 Å
DONE task 30 -> /project2/rohs_102/shewchuk/TF-conformation/analysis/align_compare/_work/tbp/interface_min/1tgh_state_007.pdb
