[1k79_state_007] Found 0 structural metal ion(s); 0 coordination cluster(s) with ≥2 sidechain ligands
[1k79_state_007] After H addition: 2703 atoms
[1k79_state_007] Coordination-cage pairwise restraints: 0
[1k79_state_007] Initial heavy-atom clashes: 0, min_dist: 25.59 Å
[1k79_state_007] Phase 0: H-only minimization (heavies frozen)
[1k79_state_007] Platform: CUDA
[1k79_state_007]   Pre-H-min energy: 1.903e+11 kJ/mol
[1k79_state_007]   Post-H-min energy: 1.903e+11 kJ/mol
[1k79_state_007] Phase 1: vdW ramping with backbone + cage restraints
[1k79_state_007]   Restrained 370 backbone atoms (protein+DNA, k=10.0 kcal/mol/Å²)
[1k79_state_007]   Stage 1/5: σ=0.1, PE=-2.23e+04, clashes=0, min_d=25.59 Å
[1k79_state_007]   Stage 2/5: σ=0.3, PE=3.74e+04, clashes=0, min_d=25.59 Å
[1k79_state_007]   Stage 3/5: σ=0.5, PE=2.76e+07, clashes=0, min_d=25.59 Å
[1k79_state_007]   Stage 4/5: σ=0.7, PE=-4.18e+04, clashes=0, min_d=25.69 Å
[1k79_state_007]   Stage 5/5: σ=1.0, PE=-4.21e+04, clashes=0, min_d=25.49 Å
[1k79_state_007] Phase 2: final minimization (max 10000 iters)
[1k79_state_007]   Final: PE=-4.21e+04, clashes=0, min_d=25.49 Å
[1k79_state_007] DONE in 33.6s -> /project2/rohs_102/shewchuk/TF-conformation/analysis/align_compare/_work/ets1/all_min/1k79_state_007.pdb
[1k79_state_007] Trajectory: clashes 0 -> 0 | min_d 25.59 -> 25.49 Å
DONE task 18 -> /project2/rohs_102/shewchuk/TF-conformation/analysis/align_compare/_work/ets1/all_min/1k79_state_007.pdb
