[2lef_state_008] Found 0 structural metal ion(s); 0 coordination cluster(s) with ≥2 sidechain ligands
[2lef_state_008] After H addition: 2436 atoms
[2lef_state_008] Coordination-cage pairwise restraints: 0
[2lef_state_008] Initial heavy-atom clashes: 224, min_dist: 0.41 Å
[2lef_state_008] Phase 0: H-only minimization (heavies frozen)
[2lef_state_008] Platform: CUDA
[2lef_state_008]   Pre-H-min energy: 1.778e+11 kJ/mol
[2lef_state_008]   Post-H-min energy: 1.778e+11 kJ/mol
[2lef_state_008] Phase 1: vdW ramping with backbone + cage restraints
[2lef_state_008]   Restrained 316 backbone atoms (protein+DNA, k=10.0 kcal/mol/Å²)
[2lef_state_008]   Stage 1/5: σ=0.1, PE=6.80e+04, clashes=233, min_d=0.52 Å
[2lef_state_008]   Stage 2/5: σ=0.3, PE=4.42e+07, clashes=233, min_d=0.52 Å
[2lef_state_008]   Stage 3/5: σ=0.5, PE=2.03e+10, clashes=233, min_d=0.52 Å
[2lef_state_008]   Stage 4/5: σ=0.7, PE=-3.68e+04, clashes=100, min_d=1.67 Å
[2lef_state_008]   Stage 5/5: σ=1.0, PE=-2.84e+04, clashes=20, min_d=2.11 Å
[2lef_state_008] Phase 2: final minimization (max 10000 iters)
[2lef_state_008]   Final: PE=-2.90e+04, clashes=20, min_d=2.11 Å
[2lef_state_008] DONE in 1047.2s -> /project2/rohs_102/shewchuk/TF-conformation/analysis/align_compare/_work/lef1/interface_min/2lef_state_008.pdb
[2lef_state_008] Trajectory: clashes 224 -> 20 | min_d 0.41 -> 2.11 Å
DONE task 55 -> /project2/rohs_102/shewchuk/TF-conformation/analysis/align_compare/_work/lef1/interface_min/2lef_state_008.pdb
