[2lef_state_005] Found 0 structural metal ion(s); 0 coordination cluster(s) with ≥2 sidechain ligands
[2lef_state_005] After H addition: 2436 atoms
[2lef_state_005] Coordination-cage pairwise restraints: 0
[2lef_state_005] Initial heavy-atom clashes: 564, min_dist: 0.36 Å
[2lef_state_005] Phase 0: H-only minimization (heavies frozen)
[2lef_state_005] Platform: CUDA
[2lef_state_005]   Pre-H-min energy: 7.802e+11 kJ/mol
[2lef_state_005]   Post-H-min energy: 7.802e+11 kJ/mol
[2lef_state_005] Phase 1: vdW ramping with backbone + cage restraints
[2lef_state_005]   Restrained 316 backbone atoms (protein+DNA, k=10.0 kcal/mol/Å²)
[2lef_state_005]   Stage 1/5: σ=0.1, PE=-1.40e+05, clashes=595, min_d=0.21 Å
[2lef_state_005]   Stage 2/5: σ=0.3, PE=-7.37e+04, clashes=611, min_d=0.69 Å
[2lef_state_005]   Stage 3/5: σ=0.5, PE=2.19e+06, clashes=611, min_d=0.69 Å
[2lef_state_005]   Stage 4/5: σ=0.7, PE=-3.33e+04, clashes=270, min_d=1.64 Å
[2lef_state_005]   Stage 5/5: σ=1.0, PE=-6.98e+03, clashes=42, min_d=2.04 Å
[2lef_state_005] Phase 2: final minimization (max 10000 iters)
[2lef_state_005]   Final: PE=-1.09e+04, clashes=42, min_d=2.04 Å
[2lef_state_005] DONE in 120.7s -> /project2/rohs_102/shewchuk/TF-conformation/analysis/align_compare/_work/lef1/interface_min/2lef_state_005.pdb
[2lef_state_005] Trajectory: clashes 564 -> 42 | min_d 0.36 -> 2.04 Å
DONE task 52 -> /project2/rohs_102/shewchuk/TF-conformation/analysis/align_compare/_work/lef1/interface_min/2lef_state_005.pdb
