[2lef_state_006] Found 0 structural metal ion(s); 0 coordination cluster(s) with ≥2 sidechain ligands
[2lef_state_006] After H addition: 2436 atoms
[2lef_state_006] Coordination-cage pairwise restraints: 0
[2lef_state_006] Initial heavy-atom clashes: 97, min_dist: 0.50 Å
[2lef_state_006] Phase 0: H-only minimization (heavies frozen)
[2lef_state_006] Platform: CUDA
[2lef_state_006]   Pre-H-min energy: 1.779e+10 kJ/mol
[2lef_state_006]   Post-H-min energy: 1.779e+10 kJ/mol
[2lef_state_006] Phase 1: vdW ramping with backbone + cage restraints
[2lef_state_006]   Restrained 316 backbone atoms (protein+DNA, k=10.0 kcal/mol/Å²)
[2lef_state_006]   Stage 1/5: σ=0.1, PE=-6.27e+04, clashes=95, min_d=0.45 Å
[2lef_state_006]   Stage 2/5: σ=0.3, PE=-4.00e+04, clashes=95, min_d=0.45 Å
[2lef_state_006]   Stage 3/5: σ=0.5, PE=1.05e+07, clashes=95, min_d=0.45 Å
[2lef_state_006]   Stage 4/5: σ=0.7, PE=-4.01e+04, clashes=38, min_d=1.56 Å
[2lef_state_006]   Stage 5/5: σ=1.0, PE=-4.15e+04, clashes=0, min_d=2.59 Å
[2lef_state_006] Phase 2: final minimization (max 10000 iters)
[2lef_state_006]   Final: PE=-4.18e+04, clashes=0, min_d=2.58 Å
[2lef_state_006] DONE in 176.8s -> /project2/rohs_102/shewchuk/TF-conformation/analysis/align_compare/_work/lef1/interface_min/2lef_state_006.pdb
[2lef_state_006] Trajectory: clashes 97 -> 0 | min_d 0.50 -> 2.58 Å
DONE task 53 -> /project2/rohs_102/shewchuk/TF-conformation/analysis/align_compare/_work/lef1/interface_min/2lef_state_006.pdb
