[2lef_state_004] Found 0 structural metal ion(s); 0 coordination cluster(s) with ≥2 sidechain ligands
[2lef_state_004] After H addition: 2436 atoms
[2lef_state_004] Coordination-cage pairwise restraints: 0
[2lef_state_004] Initial heavy-atom clashes: 556, min_dist: 0.17 Å
[2lef_state_004] Phase 0: H-only minimization (heavies frozen)
[2lef_state_004] Platform: CUDA
[2lef_state_004]   Pre-H-min energy: 5.280e+15 kJ/mol
[2lef_state_004]   Post-H-min energy: 5.280e+15 kJ/mol
[2lef_state_004] Phase 1: vdW ramping with backbone + cage restraints
[2lef_state_004]   Restrained 316 backbone atoms (protein+DNA, k=10.0 kcal/mol/Å²)
[2lef_state_004]   Stage 1/5: σ=0.1, PE=9.79e+03, clashes=555, min_d=0.23 Å
[2lef_state_004]   Stage 2/5: σ=0.3, PE=-1.61e+04, clashes=542, min_d=0.72 Å
[2lef_state_004]   Stage 3/5: σ=0.5, PE=3.78e+05, clashes=542, min_d=0.72 Å
[2lef_state_004]   Stage 4/5: σ=0.7, PE=2.27e+07, clashes=542, min_d=0.72 Å
[2lef_state_004]   Stage 5/5: σ=1.0, PE=-1.91e+04, clashes=10, min_d=2.22 Å
[2lef_state_004] Phase 2: final minimization (max 10000 iters)
[2lef_state_004]   Final: PE=-2.16e+04, clashes=10, min_d=2.21 Å
[2lef_state_004] DONE in 261.3s -> /project2/rohs_102/shewchuk/TF-conformation/analysis/align_compare/_work/lef1/interface_min/2lef_state_004.pdb
[2lef_state_004] Trajectory: clashes 556 -> 10 | min_d 0.17 -> 2.21 Å
DONE task 51 -> /project2/rohs_102/shewchuk/TF-conformation/analysis/align_compare/_work/lef1/interface_min/2lef_state_004.pdb
