[2lef_state_012] Found 0 structural metal ion(s); 0 coordination cluster(s) with ≥2 sidechain ligands
[2lef_state_012] After H addition: 2436 atoms
[2lef_state_012] Coordination-cage pairwise restraints: 0
[2lef_state_012] Initial heavy-atom clashes: 102, min_dist: 0.66 Å
[2lef_state_012] Phase 0: H-only minimization (heavies frozen)
[2lef_state_012] Platform: CUDA
[2lef_state_012]   Pre-H-min energy: 3.147e+08 kJ/mol
[2lef_state_012]   Post-H-min energy: 3.147e+08 kJ/mol
[2lef_state_012] Phase 1: vdW ramping with backbone + cage restraints
[2lef_state_012]   Restrained 316 backbone atoms (protein+DNA, k=10.0 kcal/mol/Å²)
[2lef_state_012]   Stage 1/5: σ=0.1, PE=-1.91e+04, clashes=102, min_d=0.66 Å
[2lef_state_012]   Stage 2/5: σ=0.3, PE=-1.90e+04, clashes=102, min_d=0.66 Å
[2lef_state_012]   Stage 3/5: σ=0.5, PE=5.61e+04, clashes=102, min_d=0.66 Å
[2lef_state_012]   Stage 4/5: σ=0.7, PE=-4.16e+04, clashes=29, min_d=1.55 Å
[2lef_state_012]   Stage 5/5: σ=1.0, PE=-4.19e+04, clashes=0, min_d=2.55 Å
[2lef_state_012] Phase 2: final minimization (max 10000 iters)
[2lef_state_012]   Final: PE=-4.21e+04, clashes=0, min_d=2.54 Å
[2lef_state_012] DONE in 370.3s -> /project2/rohs_102/shewchuk/TF-conformation/analysis/align_compare/_work/lef1/interface_min/2lef_state_012.pdb
[2lef_state_012] Trajectory: clashes 102 -> 0 | min_d 0.66 -> 2.54 Å
DONE task 59 -> /project2/rohs_102/shewchuk/TF-conformation/analysis/align_compare/_work/lef1/interface_min/2lef_state_012.pdb
