[1k79_state_006] Found 0 structural metal ion(s); 0 coordination cluster(s) with ≥2 sidechain ligands
[1k79_state_006] After H addition: 2703 atoms
[1k79_state_006] Coordination-cage pairwise restraints: 0
[1k79_state_006] Initial heavy-atom clashes: 0, min_dist: 24.25 Å
[1k79_state_006] Phase 0: H-only minimization (heavies frozen)
[1k79_state_006] Platform: CUDA
[1k79_state_006]   Pre-H-min energy: 1.235e+09 kJ/mol
[1k79_state_006]   Post-H-min energy: 1.235e+09 kJ/mol
[1k79_state_006] Phase 1: vdW ramping with backbone + cage restraints
[1k79_state_006]   Restrained 370 backbone atoms (protein+DNA, k=10.0 kcal/mol/Å²)
[1k79_state_006]   Stage 1/5: σ=0.1, PE=-6.20e+04, clashes=0, min_d=24.17 Å
[1k79_state_006]   Stage 2/5: σ=0.3, PE=1.39e+09, clashes=0, min_d=24.17 Å
[1k79_state_006]   Stage 3/5: σ=0.5, PE=6.40e+11, clashes=0, min_d=24.17 Å
[1k79_state_006]   Stage 4/5: σ=0.7, PE=-4.18e+04, clashes=0, min_d=23.88 Å
[1k79_state_006]   Stage 5/5: σ=1.0, PE=-4.27e+04, clashes=0, min_d=23.28 Å
[1k79_state_006] Phase 2: final minimization (max 10000 iters)
[1k79_state_006]   Final: PE=-4.27e+04, clashes=0, min_d=23.28 Å
[1k79_state_006] DONE in 333.2s -> /project2/rohs_102/shewchuk/TF-conformation/analysis/align_compare/_work/ets1/all_min/1k79_state_006.pdb
[1k79_state_006] Trajectory: clashes 0 -> 0 | min_d 24.25 -> 23.28 Å
DONE task 17 -> /project2/rohs_102/shewchuk/TF-conformation/analysis/align_compare/_work/ets1/all_min/1k79_state_006.pdb
