[2lef_state_009] Found 0 structural metal ion(s); 0 coordination cluster(s) with ≥2 sidechain ligands
[2lef_state_009] After H addition: 2436 atoms
[2lef_state_009] Coordination-cage pairwise restraints: 0
[2lef_state_009] Initial heavy-atom clashes: 137, min_dist: 0.41 Å
[2lef_state_009] Phase 0: H-only minimization (heavies frozen)
[2lef_state_009] Platform: CUDA
[2lef_state_009]   Pre-H-min energy: 1.775e+11 kJ/mol
[2lef_state_009]   Post-H-min energy: 1.775e+11 kJ/mol
[2lef_state_009] Phase 1: vdW ramping with backbone + cage restraints
[2lef_state_009]   Restrained 316 backbone atoms (protein+DNA, k=10.0 kcal/mol/Å²)
[2lef_state_009]   Stage 1/5: σ=0.1, PE=-8.26e+04, clashes=159, min_d=0.21 Å
[2lef_state_009]   Stage 2/5: σ=0.3, PE=2.91e+09, clashes=159, min_d=0.21 Å
[2lef_state_009]   Stage 3/5: σ=0.5, PE=-3.27e+04, clashes=128, min_d=1.22 Å
[2lef_state_009]   Stage 4/5: σ=0.7, PE=-4.10e+04, clashes=63, min_d=1.67 Å
[2lef_state_009]   Stage 5/5: σ=1.0, PE=-4.06e+04, clashes=0, min_d=2.58 Å
[2lef_state_009] Phase 2: final minimization (max 10000 iters)
[2lef_state_009]   Final: PE=-4.11e+04, clashes=0, min_d=2.59 Å
[2lef_state_009] DONE in 144.5s -> /project2/rohs_102/shewchuk/TF-conformation/analysis/align_compare/_work/lef1/interface_min/2lef_state_009.pdb
[2lef_state_009] Trajectory: clashes 137 -> 0 | min_d 0.41 -> 2.59 Å
DONE task 56 -> /project2/rohs_102/shewchuk/TF-conformation/analysis/align_compare/_work/lef1/interface_min/2lef_state_009.pdb
