[1k79_state_001] Found 0 structural metal ion(s); 0 coordination cluster(s) with ≥2 sidechain ligands
[1k79_state_001] After H addition: 2703 atoms
[1k79_state_001] Coordination-cage pairwise restraints: 0
[1k79_state_001] Initial heavy-atom clashes: 0, min_dist: 24.31 Å
[1k79_state_001] Phase 0: H-only minimization (heavies frozen)
[1k79_state_001] Platform: CUDA
[1k79_state_001]   Pre-H-min energy: 1.669e+06 kJ/mol
[1k79_state_001]   Post-H-min energy: 1.663e+06 kJ/mol
[1k79_state_001] Phase 1: vdW ramping with backbone + cage restraints
[1k79_state_001]   Restrained 370 backbone atoms (protein+DNA, k=10.0 kcal/mol/Å²)
[1k79_state_001]   Stage 1/5: σ=0.1, PE=-2.42e+04, clashes=0, min_d=24.31 Å
[1k79_state_001]   Stage 2/5: σ=0.3, PE=-2.42e+04, clashes=0, min_d=24.31 Å
[1k79_state_001]   Stage 3/5: σ=0.5, PE=-3.65e+04, clashes=0, min_d=24.29 Å
[1k79_state_001]   Stage 4/5: σ=0.7, PE=-4.09e+04, clashes=0, min_d=24.15 Å
[1k79_state_001]   Stage 5/5: σ=1.0, PE=-4.25e+04, clashes=0, min_d=23.49 Å
[1k79_state_001] Phase 2: final minimization (max 10000 iters)
[1k79_state_001]   Final: PE=-4.26e+04, clashes=0, min_d=22.92 Å
[1k79_state_001] DONE in 383.3s -> /project2/rohs_102/shewchuk/TF-conformation/analysis/align_compare/_work/ets1/all_min/1k79_state_001.pdb
[1k79_state_001] Trajectory: clashes 0 -> 0 | min_d 24.31 -> 22.92 Å
DONE task 12 -> /project2/rohs_102/shewchuk/TF-conformation/analysis/align_compare/_work/ets1/all_min/1k79_state_001.pdb
