[2lef_state_006] Found 0 structural metal ion(s); 0 coordination cluster(s) with ≥2 sidechain ligands
[2lef_state_006] After H addition: 2436 atoms
[2lef_state_006] Coordination-cage pairwise restraints: 0
[2lef_state_006] Initial heavy-atom clashes: 115, min_dist: 0.53 Å
[2lef_state_006] Phase 0: H-only minimization (heavies frozen)
[2lef_state_006] Platform: CUDA
[2lef_state_006]   Pre-H-min energy: 2.376e+10 kJ/mol
[2lef_state_006]   Post-H-min energy: 2.376e+10 kJ/mol
[2lef_state_006] Phase 1: vdW ramping with backbone + cage restraints
[2lef_state_006]   Restrained 316 backbone atoms (protein+DNA, k=10.0 kcal/mol/Å²)
[2lef_state_006]   Stage 1/5: σ=0.1, PE=-7.30e+04, clashes=112, min_d=0.21 Å
[2lef_state_006]   Stage 2/5: σ=0.3, PE=-3.89e+05, clashes=109, min_d=0.40 Å
[2lef_state_006]   Stage 3/5: σ=0.5, PE=1.00e+08, clashes=109, min_d=0.40 Å
[2lef_state_006]   Stage 4/5: σ=0.7, PE=-4.11e+04, clashes=54, min_d=1.55 Å
[2lef_state_006]   Stage 5/5: σ=1.0, PE=-4.13e+04, clashes=0, min_d=2.58 Å
[2lef_state_006] Phase 2: final minimization (max 10000 iters)
[2lef_state_006]   Final: PE=-4.20e+04, clashes=0, min_d=2.57 Å
[2lef_state_006] DONE in 332.7s -> /project2/rohs_102/shewchuk/TF-conformation/analysis/align_compare/_work/lef1/all_min/2lef_state_006.pdb
[2lef_state_006] Trajectory: clashes 115 -> 0 | min_d 0.53 -> 2.57 Å
DONE task 65 -> /project2/rohs_102/shewchuk/TF-conformation/analysis/align_compare/_work/lef1/all_min/2lef_state_006.pdb
