[1tgh_state_008] Found 0 structural metal ion(s); 0 coordination cluster(s) with ≥2 sidechain ligands
[1tgh_state_008] After H addition: 3716 atoms
[1tgh_state_008] Coordination-cage pairwise restraints: 0
[1tgh_state_008] Initial heavy-atom clashes: 78, min_dist: 0.79 Å
[1tgh_state_008] Phase 0: H-only minimization (heavies frozen)
[1tgh_state_008] Platform: CUDA
[1tgh_state_008]   Pre-H-min energy: 7.118e+07 kJ/mol
[1tgh_state_008]   Post-H-min energy: 7.115e+07 kJ/mol
[1tgh_state_008] Phase 1: vdW ramping with backbone + cage restraints
[1tgh_state_008]   Restrained 586 backbone atoms (protein+DNA, k=10.0 kcal/mol/Å²)
[1tgh_state_008]   Stage 1/5: σ=0.1, PE=-8.47e+04, clashes=95, min_d=0.22 Å
[1tgh_state_008]   Stage 2/5: σ=0.3, PE=3.00e+09, clashes=95, min_d=0.22 Å
[1tgh_state_008]   Stage 3/5: σ=0.5, PE=1.38e+12, clashes=95, min_d=0.22 Å
[1tgh_state_008]   Stage 4/5: σ=0.7, PE=-4.44e+04, clashes=31, min_d=1.65 Å
[1tgh_state_008]   Stage 5/5: σ=1.0, PE=-4.57e+04, clashes=0, min_d=2.72 Å
[1tgh_state_008] Phase 2: final minimization (max 10000 iters)
[1tgh_state_008]   Final: PE=-4.60e+04, clashes=0, min_d=2.56 Å
[1tgh_state_008] DONE in 304.6s -> /project2/rohs_102/shewchuk/TF-conformation/analysis/align_compare/_work/tbp/all_min/1tgh_state_008.pdb
[1tgh_state_008] Trajectory: clashes 78 -> 0 | min_d 0.79 -> 2.56 Å
DONE task 43 -> /project2/rohs_102/shewchuk/TF-conformation/analysis/align_compare/_work/tbp/all_min/1tgh_state_008.pdb
