[1tgh_state_006] Found 0 structural metal ion(s); 0 coordination cluster(s) with ≥2 sidechain ligands
[1tgh_state_006] After H addition: 3716 atoms
[1tgh_state_006] Coordination-cage pairwise restraints: 0
[1tgh_state_006] Initial heavy-atom clashes: 6, min_dist: 1.45 Å
[1tgh_state_006] Phase 0: H-only minimization (heavies frozen)
[1tgh_state_006] Platform: CUDA
[1tgh_state_006]   Pre-H-min energy: 1.551e+16 kJ/mol
[1tgh_state_006]   Post-H-min energy: 1.551e+16 kJ/mol
[1tgh_state_006] Phase 1: vdW ramping with backbone + cage restraints
[1tgh_state_006]   Restrained 586 backbone atoms (protein+DNA, k=10.0 kcal/mol/Å²)
[1tgh_state_006]   Stage 1/5: σ=0.1, PE=8.73e+04, clashes=6, min_d=1.45 Å
[1tgh_state_006]   Stage 2/5: σ=0.3, PE=-5.04e+04, clashes=9, min_d=1.45 Å
[1tgh_state_006]   Stage 3/5: σ=0.5, PE=9.47e+05, clashes=9, min_d=1.45 Å
[1tgh_state_006]   Stage 4/5: σ=0.7, PE=-4.41e+04, clashes=9, min_d=2.03 Å
[1tgh_state_006]   Stage 5/5: σ=1.0, PE=-4.55e+04, clashes=0, min_d=2.79 Å
[1tgh_state_006] Phase 2: final minimization (max 10000 iters)
[1tgh_state_006]   Final: PE=-4.55e+04, clashes=0, min_d=2.79 Å
[1tgh_state_006] DONE in 563.4s -> /project2/rohs_102/shewchuk/TF-conformation/analysis/align_compare/_work/tbp/interface_min/1tgh_state_006.pdb
[1tgh_state_006] Trajectory: clashes 6 -> 0 | min_d 1.45 -> 2.79 Å
DONE task 29 -> /project2/rohs_102/shewchuk/TF-conformation/analysis/align_compare/_work/tbp/interface_min/1tgh_state_006.pdb
