[2lef_state_005] Found 0 structural metal ion(s); 0 coordination cluster(s) with ≥2 sidechain ligands
[2lef_state_005] After H addition: 2436 atoms
[2lef_state_005] Coordination-cage pairwise restraints: 0
[2lef_state_005] Initial heavy-atom clashes: 392, min_dist: 0.10 Å
[2lef_state_005] Phase 0: H-only minimization (heavies frozen)
[2lef_state_005] Platform: CUDA
[2lef_state_005]   Pre-H-min energy: 1.517e+18 kJ/mol
[2lef_state_005]   Post-H-min energy: 1.517e+18 kJ/mol
[2lef_state_005] Phase 1: vdW ramping with backbone + cage restraints
[2lef_state_005]   Restrained 316 backbone atoms (protein+DNA, k=10.0 kcal/mol/Å²)
[2lef_state_005]   Stage 1/5: σ=0.1, PE=4.40e+06, clashes=393, min_d=0.10 Å
[2lef_state_005]   Stage 2/5: σ=0.3, PE=8.64e+02, clashes=390, min_d=0.69 Å
[2lef_state_005]   Stage 3/5: σ=0.5, PE=2.39e+05, clashes=390, min_d=0.69 Å
[2lef_state_005]   Stage 4/5: σ=0.7, PE=-3.96e+04, clashes=155, min_d=1.64 Å
[2lef_state_005]   Stage 5/5: σ=1.0, PE=-2.23e+04, clashes=24, min_d=2.21 Å
[2lef_state_005] Phase 2: final minimization (max 10000 iters)
[2lef_state_005]   Final: PE=-2.35e+04, clashes=25, min_d=2.21 Å
[2lef_state_005] DONE in 519.2s -> /project2/rohs_102/shewchuk/TF-conformation/analysis/align_compare/_work/lef1/all_min/2lef_state_005.pdb
[2lef_state_005] Trajectory: clashes 392 -> 25 | min_d 0.10 -> 2.21 Å
DONE task 64 -> /project2/rohs_102/shewchuk/TF-conformation/analysis/align_compare/_work/lef1/all_min/2lef_state_005.pdb
