[2lef_state_011] Found 0 structural metal ion(s); 0 coordination cluster(s) with ≥2 sidechain ligands
[2lef_state_011] After H addition: 2436 atoms
[2lef_state_011] Coordination-cage pairwise restraints: 0
[2lef_state_011] Initial heavy-atom clashes: 171, min_dist: 0.52 Å
[2lef_state_011] Phase 0: H-only minimization (heavies frozen)
[2lef_state_011] Platform: CUDA
[2lef_state_011]   Pre-H-min energy: 8.561e+09 kJ/mol
[2lef_state_011]   Post-H-min energy: 8.561e+09 kJ/mol
[2lef_state_011] Phase 1: vdW ramping with backbone + cage restraints
[2lef_state_011]   Restrained 316 backbone atoms (protein+DNA, k=10.0 kcal/mol/Å²)
[2lef_state_011]   Stage 1/5: σ=0.1, PE=-2.06e+04, clashes=171, min_d=0.55 Å
[2lef_state_011]   Stage 2/5: σ=0.3, PE=-1.03e+05, clashes=170, min_d=0.60 Å
[2lef_state_011]   Stage 3/5: σ=0.5, PE=2.96e+05, clashes=170, min_d=0.60 Å
[2lef_state_011]   Stage 4/5: σ=0.7, PE=-3.77e+04, clashes=68, min_d=1.56 Å
[2lef_state_011]   Stage 5/5: σ=1.0, PE=-2.94e+04, clashes=11, min_d=2.15 Å
[2lef_state_011] Phase 2: final minimization (max 10000 iters)
[2lef_state_011]   Final: PE=-2.98e+04, clashes=11, min_d=2.15 Å
[2lef_state_011] DONE in 65.0s -> /project2/rohs_102/shewchuk/TF-conformation/analysis/align_compare/_work/lef1/interface_min/2lef_state_011.pdb
[2lef_state_011] Trajectory: clashes 171 -> 11 | min_d 0.52 -> 2.15 Å
DONE task 58 -> /project2/rohs_102/shewchuk/TF-conformation/analysis/align_compare/_work/lef1/interface_min/2lef_state_011.pdb
