[2lef_state_001] Found 0 structural metal ion(s); 0 coordination cluster(s) with ≥2 sidechain ligands
[2lef_state_001] After H addition: 2436 atoms
[2lef_state_001] Coordination-cage pairwise restraints: 0
[2lef_state_001] Initial heavy-atom clashes: 259, min_dist: 0.35 Å
[2lef_state_001] Phase 0: H-only minimization (heavies frozen)
[2lef_state_001] Platform: CUDA
[2lef_state_001]   Pre-H-min energy: 3.293e+12 kJ/mol
[2lef_state_001]   Post-H-min energy: 3.293e+12 kJ/mol
[2lef_state_001] Phase 1: vdW ramping with backbone + cage restraints
[2lef_state_001]   Restrained 316 backbone atoms (protein+DNA, k=10.0 kcal/mol/Å²)
[2lef_state_001]   Stage 1/5: σ=0.1, PE=-5.80e+03, clashes=257, min_d=0.36 Å
[2lef_state_001]   Stage 2/5: σ=0.3, PE=1.17e+06, clashes=257, min_d=0.36 Å
[2lef_state_001]   Stage 3/5: σ=0.5, PE=5.39e+08, clashes=257, min_d=0.36 Å
[2lef_state_001]   Stage 4/5: σ=0.7, PE=-3.69e+04, clashes=103, min_d=1.54 Å
[2lef_state_001]   Stage 5/5: σ=1.0, PE=-3.27e+04, clashes=11, min_d=2.15 Å
[2lef_state_001] Phase 2: final minimization (max 10000 iters)
[2lef_state_001]   Final: PE=-3.27e+04, clashes=11, min_d=2.15 Å
[2lef_state_001] DONE in 242.8s -> /project2/rohs_102/shewchuk/TF-conformation/analysis/align_compare/_work/lef1/all_min/2lef_state_001.pdb
[2lef_state_001] Trajectory: clashes 259 -> 11 | min_d 0.35 -> 2.15 Å
DONE task 60 -> /project2/rohs_102/shewchuk/TF-conformation/analysis/align_compare/_work/lef1/all_min/2lef_state_001.pdb
