[1k79_state_012] Found 0 structural metal ion(s); 0 coordination cluster(s) with ≥2 sidechain ligands
[1k79_state_012] After H addition: 2703 atoms
[1k79_state_012] Coordination-cage pairwise restraints: 0
[1k79_state_012] Initial heavy-atom clashes: 0, min_dist: 25.15 Å
[1k79_state_012] Phase 0: H-only minimization (heavies frozen)
[1k79_state_012] Platform: CUDA
[1k79_state_012]   Pre-H-min energy: 6.057e+09 kJ/mol
[1k79_state_012]   Post-H-min energy: 6.057e+09 kJ/mol
[1k79_state_012] Phase 1: vdW ramping with backbone + cage restraints
[1k79_state_012]   Restrained 370 backbone atoms (protein+DNA, k=10.0 kcal/mol/Å²)
[1k79_state_012]   Stage 1/5: σ=0.1, PE=-2.57e+04, clashes=0, min_d=25.15 Å
[1k79_state_012]   Stage 2/5: σ=0.3, PE=-2.29e+04, clashes=0, min_d=25.15 Å
[1k79_state_012]   Stage 3/5: σ=0.5, PE=1.31e+06, clashes=0, min_d=25.15 Å
[1k79_state_012]   Stage 4/5: σ=0.7, PE=-4.08e+04, clashes=0, min_d=25.14 Å
[1k79_state_012]   Stage 5/5: σ=1.0, PE=-4.26e+04, clashes=0, min_d=24.91 Å
[1k79_state_012] Phase 2: final minimization (max 10000 iters)
[1k79_state_012]   Final: PE=-4.27e+04, clashes=0, min_d=24.88 Å
[1k79_state_012] DONE in 770.2s -> /project2/rohs_102/shewchuk/TF-conformation/analysis/align_compare/_work/ets1/all_min/1k79_state_012.pdb
[1k79_state_012] Trajectory: clashes 0 -> 0 | min_d 25.15 -> 24.88 Å
DONE task 23 -> /project2/rohs_102/shewchuk/TF-conformation/analysis/align_compare/_work/ets1/all_min/1k79_state_012.pdb
