[1k79_state_004] Found 0 structural metal ion(s); 0 coordination cluster(s) with ≥2 sidechain ligands
[1k79_state_004] After H addition: 2703 atoms
[1k79_state_004] Coordination-cage pairwise restraints: 0
[1k79_state_004] Initial heavy-atom clashes: 0, min_dist: 22.44 Å
[1k79_state_004] Phase 0: H-only minimization (heavies frozen)
[1k79_state_004] Platform: CUDA
[1k79_state_004]   Pre-H-min energy: 2.718e+09 kJ/mol
[1k79_state_004]   Post-H-min energy: 2.718e+09 kJ/mol
[1k79_state_004] Phase 1: vdW ramping with backbone + cage restraints
[1k79_state_004]   Restrained 370 backbone atoms (protein+DNA, k=10.0 kcal/mol/Å²)
[1k79_state_004]   Stage 1/5: σ=0.1, PE=-2.34e+04, clashes=0, min_d=22.44 Å
[1k79_state_004]   Stage 2/5: σ=0.3, PE=-3.49e+04, clashes=0, min_d=22.41 Å
[1k79_state_004]   Stage 3/5: σ=0.5, PE=-1.30e+04, clashes=0, min_d=22.41 Å
[1k79_state_004]   Stage 4/5: σ=0.7, PE=-3.90e+04, clashes=0, min_d=22.43 Å
[1k79_state_004]   Stage 5/5: σ=1.0, PE=-3.17e+04, clashes=0, min_d=22.61 Å
[1k79_state_004] Phase 2: final minimization (max 10000 iters)
[1k79_state_004]   Final: PE=-3.19e+04, clashes=0, min_d=22.12 Å
[1k79_state_004] DONE in 264.8s -> /project2/rohs_102/shewchuk/TF-conformation/analysis/align_compare/_work/ets1/interface_min/1k79_state_004.pdb
[1k79_state_004] Trajectory: clashes 0 -> 0 | min_d 22.44 -> 22.12 Å
DONE task 3 -> /project2/rohs_102/shewchuk/TF-conformation/analysis/align_compare/_work/ets1/interface_min/1k79_state_004.pdb
