[1tgh_state_001] Found 0 structural metal ion(s); 0 coordination cluster(s) with ≥2 sidechain ligands
[1tgh_state_001] After H addition: 3716 atoms
[1tgh_state_001] Coordination-cage pairwise restraints: 0
[1tgh_state_001] Initial heavy-atom clashes: 23, min_dist: 0.61 Å
[1tgh_state_001] Phase 0: H-only minimization (heavies frozen)
[1tgh_state_001] Platform: CUDA
[1tgh_state_001]   Pre-H-min energy: 1.163e+09 kJ/mol
[1tgh_state_001]   Post-H-min energy: 1.163e+09 kJ/mol
[1tgh_state_001] Phase 1: vdW ramping with backbone + cage restraints
[1tgh_state_001]   Restrained 586 backbone atoms (protein+DNA, k=10.0 kcal/mol/Å²)
[1tgh_state_001]   Stage 1/5: σ=0.1, PE=-2.09e+04, clashes=23, min_d=0.61 Å
[1tgh_state_001]   Stage 2/5: σ=0.3, PE=-2.05e+04, clashes=23, min_d=0.61 Å
[1tgh_state_001]   Stage 3/5: σ=0.5, PE=2.26e+05, clashes=23, min_d=0.61 Å
[1tgh_state_001]   Stage 4/5: σ=0.7, PE=-4.33e+04, clashes=11, min_d=1.54 Å
[1tgh_state_001]   Stage 5/5: σ=1.0, PE=-4.64e+04, clashes=0, min_d=2.58 Å
[1tgh_state_001] Phase 2: final minimization (max 10000 iters)
[1tgh_state_001]   Final: PE=-4.65e+04, clashes=0, min_d=2.58 Å
[1tgh_state_001] DONE in 89.0s -> /project2/rohs_102/shewchuk/TF-conformation/analysis/align_compare/_work/tbp/interface_min/1tgh_state_001.pdb
[1tgh_state_001] Trajectory: clashes 23 -> 0 | min_d 0.61 -> 2.58 Å
DONE task 24 -> /project2/rohs_102/shewchuk/TF-conformation/analysis/align_compare/_work/tbp/interface_min/1tgh_state_001.pdb
