[1tgh_state_002] Found 0 structural metal ion(s); 0 coordination cluster(s) with ≥2 sidechain ligands
[1tgh_state_002] After H addition: 3716 atoms
[1tgh_state_002] Coordination-cage pairwise restraints: 0
[1tgh_state_002] Initial heavy-atom clashes: 25, min_dist: 0.88 Å
[1tgh_state_002] Phase 0: H-only minimization (heavies frozen)
[1tgh_state_002] Platform: CUDA
[1tgh_state_002]   Pre-H-min energy: 1.796e+07 kJ/mol
[1tgh_state_002]   Post-H-min energy: 1.796e+07 kJ/mol
[1tgh_state_002] Phase 1: vdW ramping with backbone + cage restraints
[1tgh_state_002]   Restrained 586 backbone atoms (protein+DNA, k=10.0 kcal/mol/Å²)
[1tgh_state_002]   Stage 1/5: σ=0.1, PE=-2.13e+04, clashes=25, min_d=0.88 Å
[1tgh_state_002]   Stage 2/5: σ=0.3, PE=-2.13e+04, clashes=25, min_d=0.88 Å
[1tgh_state_002]   Stage 3/5: σ=0.5, PE=-1.76e+04, clashes=25, min_d=0.88 Å
[1tgh_state_002]   Stage 4/5: σ=0.7, PE=-4.35e+04, clashes=11, min_d=1.55 Å
[1tgh_state_002]   Stage 5/5: σ=1.0, PE=-4.62e+04, clashes=0, min_d=2.57 Å
[1tgh_state_002] Phase 2: final minimization (max 10000 iters)
[1tgh_state_002]   Final: PE=-4.65e+04, clashes=0, min_d=2.58 Å
[1tgh_state_002] DONE in 1052.9s -> /project2/rohs_102/shewchuk/TF-conformation/analysis/align_compare/_work/tbp/interface_min/1tgh_state_002.pdb
[1tgh_state_002] Trajectory: clashes 25 -> 0 | min_d 0.88 -> 2.58 Å
DONE task 25 -> /project2/rohs_102/shewchuk/TF-conformation/analysis/align_compare/_work/tbp/interface_min/1tgh_state_002.pdb
