[2lef_state_007] Found 0 structural metal ion(s); 0 coordination cluster(s) with ≥2 sidechain ligands
[2lef_state_007] After H addition: 2436 atoms
[2lef_state_007] Coordination-cage pairwise restraints: 0
[2lef_state_007] Initial heavy-atom clashes: 391, min_dist: 0.23 Å
[2lef_state_007] Phase 0: H-only minimization (heavies frozen)
[2lef_state_007] Platform: CUDA
[2lef_state_007]   Pre-H-min energy: 1.387e+14 kJ/mol
[2lef_state_007]   Post-H-min energy: 1.387e+14 kJ/mol
[2lef_state_007] Phase 1: vdW ramping with backbone + cage restraints
[2lef_state_007]   Restrained 316 backbone atoms (protein+DNA, k=10.0 kcal/mol/Å²)
[2lef_state_007]   Stage 1/5: σ=0.1, PE=-9.82e+04, clashes=390, min_d=0.21 Å
[2lef_state_007]   Stage 2/5: σ=0.3, PE=-5.86e+04, clashes=379, min_d=0.71 Å
[2lef_state_007]   Stage 3/5: σ=0.5, PE=-4.15e+04, clashes=305, min_d=1.26 Å
[2lef_state_007]   Stage 4/5: σ=0.7, PE=-3.73e+04, clashes=158, min_d=1.73 Å
[2lef_state_007]   Stage 5/5: σ=1.0, PE=-3.11e+04, clashes=6, min_d=2.30 Å
[2lef_state_007] Phase 2: final minimization (max 10000 iters)
[2lef_state_007]   Final: PE=-3.21e+04, clashes=6, min_d=2.26 Å
[2lef_state_007] DONE in 137.8s -> /project2/rohs_102/shewchuk/TF-conformation/analysis/align_compare/_work/lef1/interface_min/2lef_state_007.pdb
[2lef_state_007] Trajectory: clashes 391 -> 6 | min_d 0.23 -> 2.26 Å
DONE task 54 -> /project2/rohs_102/shewchuk/TF-conformation/analysis/align_compare/_work/lef1/interface_min/2lef_state_007.pdb
