[2lef_state_011] Found 0 structural metal ion(s); 0 coordination cluster(s) with ≥2 sidechain ligands
[2lef_state_011] After H addition: 2436 atoms
[2lef_state_011] Coordination-cage pairwise restraints: 0
[2lef_state_011] Initial heavy-atom clashes: 183, min_dist: 0.48 Å
[2lef_state_011] Phase 0: H-only minimization (heavies frozen)
[2lef_state_011] Platform: CUDA
[2lef_state_011]   Pre-H-min energy: 7.763e+10 kJ/mol
[2lef_state_011]   Post-H-min energy: 7.763e+10 kJ/mol
[2lef_state_011] Phase 1: vdW ramping with backbone + cage restraints
[2lef_state_011]   Restrained 316 backbone atoms (protein+DNA, k=10.0 kcal/mol/Å²)
[2lef_state_011]   Stage 1/5: σ=0.1, PE=-7.33e+03, clashes=182, min_d=0.48 Å
[2lef_state_011]   Stage 2/5: σ=0.3, PE=2.64e+04, clashes=182, min_d=0.48 Å
[2lef_state_011]   Stage 3/5: σ=0.5, PE=1.58e+07, clashes=182, min_d=0.48 Å
[2lef_state_011]   Stage 4/5: σ=0.7, PE=-3.71e+04, clashes=101, min_d=1.55 Å
[2lef_state_011]   Stage 5/5: σ=1.0, PE=-2.54e+04, clashes=25, min_d=2.21 Å
[2lef_state_011] Phase 2: final minimization (max 10000 iters)
[2lef_state_011]   Final: PE=-2.54e+04, clashes=25, min_d=2.21 Å
[2lef_state_011] DONE in 61.2s -> /project2/rohs_102/shewchuk/TF-conformation/analysis/align_compare/_work/lef1/all_min/2lef_state_011.pdb
[2lef_state_011] Trajectory: clashes 183 -> 25 | min_d 0.48 -> 2.21 Å
DONE task 70 -> /project2/rohs_102/shewchuk/TF-conformation/analysis/align_compare/_work/lef1/all_min/2lef_state_011.pdb
