[1tgh_state_003] Found 0 structural metal ion(s); 0 coordination cluster(s) with ≥2 sidechain ligands
[1tgh_state_003] After H addition: 3716 atoms
[1tgh_state_003] Coordination-cage pairwise restraints: 0
[1tgh_state_003] Initial heavy-atom clashes: 18, min_dist: 0.59 Å
[1tgh_state_003] Phase 0: H-only minimization (heavies frozen)
[1tgh_state_003] Platform: CUDA
[1tgh_state_003]   Pre-H-min energy: 1.310e+09 kJ/mol
[1tgh_state_003]   Post-H-min energy: 1.310e+09 kJ/mol
[1tgh_state_003] Phase 1: vdW ramping with backbone + cage restraints
[1tgh_state_003]   Restrained 586 backbone atoms (protein+DNA, k=10.0 kcal/mol/Å²)
[1tgh_state_003]   Stage 1/5: σ=0.1, PE=-2.26e+04, clashes=18, min_d=0.60 Å
[1tgh_state_003]   Stage 2/5: σ=0.3, PE=-3.55e+04, clashes=13, min_d=1.63 Å
[1tgh_state_003]   Stage 3/5: σ=0.5, PE=-3.58e+04, clashes=13, min_d=1.63 Å
[1tgh_state_003]   Stage 4/5: σ=0.7, PE=-4.33e+04, clashes=11, min_d=1.56 Å
[1tgh_state_003]   Stage 5/5: σ=1.0, PE=-4.64e+04, clashes=0, min_d=2.57 Å
[1tgh_state_003] Phase 2: final minimization (max 10000 iters)
[1tgh_state_003]   Final: PE=-4.64e+04, clashes=0, min_d=2.57 Å
[1tgh_state_003] DONE in 250.1s -> /project2/rohs_102/shewchuk/TF-conformation/analysis/align_compare/_work/tbp/all_min/1tgh_state_003.pdb
[1tgh_state_003] Trajectory: clashes 18 -> 0 | min_d 0.59 -> 2.57 Å
DONE task 38 -> /project2/rohs_102/shewchuk/TF-conformation/analysis/align_compare/_work/tbp/all_min/1tgh_state_003.pdb
