[1k79_state_011] Found 0 structural metal ion(s); 0 coordination cluster(s) with ≥2 sidechain ligands
[1k79_state_011] After H addition: 2703 atoms
[1k79_state_011] Coordination-cage pairwise restraints: 0
[1k79_state_011] Initial heavy-atom clashes: 0, min_dist: 23.30 Å
[1k79_state_011] Phase 0: H-only minimization (heavies frozen)
[1k79_state_011] Platform: CUDA
[1k79_state_011]   Pre-H-min energy: 2.339e+05 kJ/mol
[1k79_state_011]   Post-H-min energy: 2.322e+05 kJ/mol
[1k79_state_011] Phase 1: vdW ramping with backbone + cage restraints
[1k79_state_011]   Restrained 370 backbone atoms (protein+DNA, k=10.0 kcal/mol/Å²)
[1k79_state_011]   Stage 1/5: σ=0.1, PE=-2.44e+04, clashes=0, min_d=23.30 Å
[1k79_state_011]   Stage 2/5: σ=0.3, PE=-3.82e+04, clashes=0, min_d=23.29 Å
[1k79_state_011]   Stage 3/5: σ=0.5, PE=9.11e+04, clashes=0, min_d=23.29 Å
[1k79_state_011]   Stage 4/5: σ=0.7, PE=-4.07e+04, clashes=0, min_d=23.26 Å
[1k79_state_011]   Stage 5/5: σ=1.0, PE=-4.26e+04, clashes=0, min_d=22.93 Å
[1k79_state_011] Phase 2: final minimization (max 10000 iters)
[1k79_state_011]   Final: PE=-4.27e+04, clashes=0, min_d=22.91 Å
[1k79_state_011] DONE in 428.5s -> /project2/rohs_102/shewchuk/TF-conformation/analysis/align_compare/_work/ets1/all_min/1k79_state_011.pdb
[1k79_state_011] Trajectory: clashes 0 -> 0 | min_d 23.30 -> 22.91 Å
DONE task 22 -> /project2/rohs_102/shewchuk/TF-conformation/analysis/align_compare/_work/ets1/all_min/1k79_state_011.pdb
