[1tgh_state_011] Found 0 structural metal ion(s); 0 coordination cluster(s) with ≥2 sidechain ligands
[1tgh_state_011] After H addition: 3716 atoms
[1tgh_state_011] Coordination-cage pairwise restraints: 0
[1tgh_state_011] Initial heavy-atom clashes: 50, min_dist: 0.74 Å
[1tgh_state_011] Phase 0: H-only minimization (heavies frozen)
[1tgh_state_011] Platform: CUDA
[1tgh_state_011]   Pre-H-min energy: 3.139e+08 kJ/mol
[1tgh_state_011]   Post-H-min energy: 3.139e+08 kJ/mol
[1tgh_state_011] Phase 1: vdW ramping with backbone + cage restraints
[1tgh_state_011]   Restrained 586 backbone atoms (protein+DNA, k=10.0 kcal/mol/Å²)
[1tgh_state_011]   Stage 1/5: σ=0.1, PE=1.57e+04, clashes=50, min_d=0.72 Å
[1tgh_state_011]   Stage 2/5: σ=0.3, PE=1.58e+04, clashes=50, min_d=0.72 Å
[1tgh_state_011]   Stage 3/5: σ=0.5, PE=7.75e+04, clashes=50, min_d=0.72 Å
[1tgh_state_011]   Stage 4/5: σ=0.7, PE=-4.16e+04, clashes=16, min_d=1.54 Å
[1tgh_state_011]   Stage 5/5: σ=1.0, PE=-4.53e+04, clashes=0, min_d=2.55 Å
[1tgh_state_011] Phase 2: final minimization (max 10000 iters)
[1tgh_state_011]   Final: PE=-4.55e+04, clashes=0, min_d=2.56 Å
[1tgh_state_011] DONE in 44.8s -> /project2/rohs_102/shewchuk/TF-conformation/analysis/align_compare/_work/tbp/all_min/1tgh_state_011.pdb
[1tgh_state_011] Trajectory: clashes 50 -> 0 | min_d 0.74 -> 2.56 Å
DONE task 46 -> /project2/rohs_102/shewchuk/TF-conformation/analysis/align_compare/_work/tbp/all_min/1tgh_state_011.pdb
